12:41:18,778 INFO kernel:Linux version 4.18.0-193.el8.x86_64 (mockbuild@kbuilder.bsys.centos.org) (gcc version 8.3.1 20191121 (Red Hat 8.3.1-5) (GCC)) #1 SMP Fri May 8 10:59:10 UTC 2020
12:41:18,778 INFO kernel:Command line: BOOT_IMAGE=vmlinuz initrd=initrd.img inst.stage2=hd:LABEL=CentOS-8-2-2004-x86_64-dvd rd.live.check quiet
12:41:18,778 INFO kernel:x86/fpu: Supporting XSAVE feature 0x001: 'x87 floating point registers'
12:41:18,778 INFO kernel:x86/fpu: Supporting XSAVE feature 0x002: 'SSE registers'
12:41:18,778 INFO kernel:x86/fpu: Supporting XSAVE feature 0x004: 'AVX registers'
12:41:18,778 INFO kernel:x86/fpu: xstate_offset[2]: 576, xstate_sizes[2]: 256
12:41:18,778 INFO kernel:x86/fpu: Enabled xstate features 0x7, context size is 832 bytes, using 'standard' format.
12:41:18,778 INFO kernel:BIOS-provided physical RAM map:
12:41:18,778 INFO kernel:BIOS-e820: [mem 0x0000000000000000-0x000000000009fbff] usable
12:41:18,778 INFO kernel:BIOS-e820: [mem 0x000000000009fc00-0x000000000009ffff] reserved
12:41:18,778 INFO kernel:BIOS-e820: [mem 0x00000000000f0000-0x00000000000fffff] reserved
12:41:18,778 INFO kernel:BIOS-e820: [mem 0x0000000000100000-0x000000003ffeffff] usable
12:41:18,778 INFO kernel:BIOS-e820: [mem 0x000000003fff0000-0x000000003fffffff] ACPI data
12:41:18,778 INFO kernel:BIOS-e820: [mem 0x00000000fec00000-0x00000000fec00fff] reserved
12:41:18,778 INFO kernel:BIOS-e820: [mem 0x00000000fee00000-0x00000000fee00fff] reserved
12:41:18,778 INFO kernel:BIOS-e820: [mem 0x00000000fffc0000-0x00000000ffffffff] reserved
12:41:18,778 INFO kernel:NX (Execute Disable) protection: active
12:41:18,778 INFO kernel:SMBIOS 2.5 present.
12:41:18,778 INFO kernel:DMI: innotek GmbH VirtualBox/VirtualBox, BIOS VirtualBox 12/01/2006
12:41:18,778 INFO kernel:Hypervisor detected: KVM
12:41:18,778 INFO kernel:kvm-clock: Using msrs 4b564d01 and 4b564d00
12:41:18,778 INFO kernel:kvm-clock: cpu 0, msr 17001001, primary cpu clock
12:41:18,789 INFO kernel:kvm-clock: using sched offset of 9907386566 cycles
12:41:18,789 INFO kernel:clocksource: kvm-clock: mask: 0xffffffffffffffff max_cycles: 0x1cd42e4dffb, max_idle_ns: 881590591483 ns
12:41:18,789 INFO kernel:tsc: Detected 2208.002 MHz processor
12:41:18,789 INFO kernel:e820: update [mem 0x00000000-0x00000fff] usable ==> reserved
12:41:18,789 INFO kernel:e820: remove [mem 0x000a0000-0x000fffff] usable
12:41:18,789 INFO kernel:last_pfn = 0x3fff0 max_arch_pfn = 0x400000000
12:41:18,789 INFO kernel:MTRR default type: uncachable
12:41:18,789 INFO kernel:MTRR variable ranges disabled:
12:41:18,789 INFO kernel:Disabled
12:41:18,789 INFO kernel:x86/PAT: MTRRs disabled, skipping PAT initialization too.
12:41:18,789 INFO kernel:CPU MTRRs all blank - virtualized system.
12:41:18,789 INFO kernel:x86/PAT: Configuration [0-7]: WB WT UC- UC WB WT UC- UC
12:41:18,789 INFO kernel:found SMP MP-table at [mem 0x0009fff0-0x0009ffff]
12:41:18,789 INFO kernel:BRK [0x17201000, 0x17201fff] PGTABLE
12:41:18,789 INFO kernel:BRK [0x17202000, 0x17202fff] PGTABLE
12:41:18,789 INFO kernel:BRK [0x17203000, 0x17203fff] PGTABLE
12:41:18,789 INFO kernel:BRK [0x17204000, 0x17204fff] PGTABLE
12:41:18,789 INFO kernel:BRK [0x17205000, 0x17205fff] PGTABLE
12:41:18,789 INFO kernel:RAMDISK: [mem 0x3c1d6000-0x3ffeffff]
12:41:18,789 INFO kernel:ACPI: Early table checksum verification disabled
12:41:18,789 INFO kernel:ACPI: RSDP 0x00000000000E0000 000024 (v02 VBOX )
12:41:18,789 INFO kernel:ACPI: XSDT 0x000000003FFF0030 00003C (v01 VBOX VBOXXSDT 00000001 ASL 00000061)
12:41:18,789 INFO kernel:ACPI: FACP 0x000000003FFF00F0 0000F4 (v04 VBOX VBOXFACP 00000001 ASL 00000061)
12:41:18,789 INFO kernel:ACPI: DSDT 0x000000003FFF0470 002325 (v02 VBOX VBOXBIOS 00000002 INTL 20100528)
12:41:18,789 INFO kernel:ACPI: FACS 0x000000003FFF0200 000040
12:41:18,789 INFO kernel:ACPI: FACS 0x000000003FFF0200 000040
12:41:18,789 INFO kernel:ACPI: APIC 0x000000003FFF0240 000054 (v02 VBOX VBOXAPIC 00000001 ASL 00000061)
12:41:18,789 INFO kernel:ACPI: SSDT 0x000000003FFF02A0 0001CC (v01 VBOX VBOXCPUT 00000002 INTL 20100528)
12:41:18,789 INFO kernel:ACPI: Local APIC address 0xfee00000
12:41:18,789 INFO kernel:No NUMA configuration found
12:41:18,789 INFO kernel:Faking a node at [mem 0x0000000000000000-0x000000003ffeffff]
12:41:18,789 INFO kernel:NODE_DATA(0) allocated [mem 0x3c1ac000-0x3c1d5fff]
12:41:18,789 INFO kernel:Zone ranges:
12:41:18,789 INFO kernel: DMA [mem 0x0000000000001000-0x0000000000ffffff]
12:41:18,789 INFO kernel: DMA32 [mem 0x0000000001000000-0x000000003ffeffff]
12:41:18,789 INFO kernel: Normal empty
12:41:18,789 INFO kernel: Device empty
12:41:18,789 INFO kernel:Movable zone start for each node
12:41:18,789 INFO kernel:Early memory node ranges
12:41:18,789 INFO kernel: node 0: [mem 0x0000000000001000-0x000000000009efff]
12:41:18,789 INFO kernel: node 0: [mem 0x0000000000100000-0x000000003ffeffff]
12:41:18,789 INFO kernel:Zeroed struct page in unavailable ranges: 98 pages
12:41:18,789 INFO kernel:Initmem setup node 0 [mem 0x0000000000001000-0x000000003ffeffff]
12:41:18,789 INFO kernel:On node 0 totalpages: 262030
12:41:18,789 INFO kernel: DMA zone: 64 pages used for memmap
12:41:18,789 INFO kernel: DMA zone: 21 pages reserved
12:41:18,789 INFO kernel: DMA zone: 3998 pages, LIFO batch:0
12:41:18,789 INFO kernel: DMA32 zone: 4032 pages used for memmap
12:41:18,789 INFO kernel: DMA32 zone: 258032 pages, LIFO batch:31
12:41:18,789 INFO kernel:ACPI: PM-Timer IO Port: 0x4008
12:41:18,789 INFO kernel:ACPI: Local APIC address 0xfee00000
12:41:18,789 INFO kernel:IOAPIC[0]: apic_id 1, version 32, address 0xfec00000, GSI 0-23
12:41:18,789 INFO kernel:ACPI: INT_SRC_OVR (bus 0 bus_irq 0 global_irq 2 dfl dfl)
12:41:18,789 INFO kernel:ACPI: INT_SRC_OVR (bus 0 bus_irq 9 global_irq 9 low level)
12:41:18,789 INFO kernel:ACPI: IRQ0 used by override.
12:41:18,789 INFO kernel:ACPI: IRQ9 used by override.
12:41:18,789 INFO kernel:Using ACPI (MADT) for SMP configuration information
12:41:18,789 INFO kernel:smpboot: Allowing 1 CPUs, 0 hotplug CPUs
12:41:18,789 INFO kernel:PM: Registered nosave memory: [mem 0x00000000-0x00000fff]
12:41:18,789 INFO kernel:PM: Registered nosave memory: [mem 0x0009f000-0x0009ffff]
12:41:18,789 INFO kernel:PM: Registered nosave memory: [mem 0x000a0000-0x000effff]
12:41:18,789 INFO kernel:PM: Registered nosave memory: [mem 0x000f0000-0x000fffff]
12:41:18,789 INFO kernel:[mem 0x40000000-0xfebfffff] available for PCI devices
12:41:18,789 INFO kernel:Booting paravirtualized kernel on KVM
12:41:18,789 INFO kernel:clocksource: refined-jiffies: mask: 0xffffffff max_cycles: 0xffffffff, max_idle_ns: 1910969940391419 ns
12:41:18,789 INFO kernel:setup_percpu: NR_CPUS:8192 nr_cpumask_bits:1 nr_cpu_ids:1 nr_node_ids:1
12:41:18,789 INFO kernel:percpu: Embedded 53 pages/cpu s180224 r8192 d28672 u2097152
12:41:18,789 INFO kernel:pcpu-alloc: s180224 r8192 d28672 u2097152 alloc=1*2097152
12:41:18,789 INFO kernel:pcpu-alloc: [0] 0
12:41:18,789 INFO kernel:Built 1 zonelists, mobility grouping on. Total pages: 257913
12:41:18,789 INFO kernel:Policy zone: DMA32
12:41:18,789 INFO kernel:Kernel command line: BOOT_IMAGE=vmlinuz initrd=initrd.img inst.stage2=hd:LABEL=CentOS-8-2-2004-x86_64-dvd rd.live.check quiet
12:41:18,789 INFO kernel:Specific versions of hardware are certified with Red Hat Enterprise Linux 8. Please see the list of hardware certified with Red Hat Enterprise Linux 8 at https://access.redhat.com/ecosystem.
12:41:18,789 INFO kernel:Memory: 261668K/1048120K available (12292K kernel code, 2151K rwdata, 3848K rodata, 2404K init, 6476K bss, 115720K reserved, 0K cma-reserved)
12:41:18,789 INFO kernel:SLUB: HWalign=64, Order=0-3, MinObjects=0, CPUs=1, Nodes=1
12:41:18,789 INFO kernel:Kernel/User page tables isolation: enabled
12:41:18,789 INFO kernel:ftrace: allocating 36334 entries in 142 pages
12:41:18,789 INFO kernel:rcu: Hierarchical RCU implementation.
12:41:18,789 INFO kernel:rcu: #011RCU restricting CPUs from NR_CPUS=8192 to nr_cpu_ids=1.
12:41:18,789 INFO kernel:rcu: RCU calculated value of scheduler-enlistment delay is 100 jiffies.
12:41:18,789 INFO kernel:rcu: Adjusting geometry for rcu_fanout_leaf=16, nr_cpu_ids=1
12:41:18,789 INFO kernel:NR_IRQS: 524544, nr_irqs: 256, preallocated irqs: 16
12:41:18,789 INFO kernel:random: get_random_bytes called from start_kernel+0x36b/0x55b with crng_init=0
12:41:18,789 INFO kernel:Console: colour VGA+ 80x25
12:41:18,789 INFO kernel:printk: console [tty0] enabled
12:41:18,790 INFO kernel:ACPI: Core revision 20190703
12:41:18,790 INFO kernel:APIC: Switch to symmetric I/O mode setup
12:41:18,790 INFO kernel:x2apic enabled
12:41:18,790 INFO kernel:Switched APIC routing to physical x2apic.
12:41:18,790 INFO kernel:..TIMER: vector=0x30 apic1=0 pin1=2 apic2=-1 pin2=-1
12:41:18,790 INFO kernel:clocksource: tsc-early: mask: 0xffffffffffffffff max_cycles: 0x1fd3ba1610f, max_idle_ns: 440795284337 ns
12:41:18,790 INFO kernel:Calibrating delay loop (skipped) preset value.. 4416.00 BogoMIPS (lpj=2208002)
12:41:18,790 INFO kernel:pid_max: default: 32768 minimum: 301
12:41:18,790 INFO kernel:Security Framework initialized
12:41:18,790 INFO kernel:Yama: becoming mindful.
12:41:18,790 INFO kernel:SELinux: Initializing.
12:41:18,790 INFO kernel:Dentry cache hash table entries: 131072 (order: 8, 1048576 bytes)
12:41:18,790 INFO kernel:Inode-cache hash table entries: 65536 (order: 7, 524288 bytes)
12:41:18,790 INFO kernel:Mount-cache hash table entries: 2048 (order: 2, 16384 bytes)
12:41:18,790 INFO kernel:Mountpoint-cache hash table entries: 2048 (order: 2, 16384 bytes)
12:41:18,790 INFO kernel:process: using mwait in idle threads
12:41:18,790 INFO kernel:Last level iTLB entries: 4KB 64, 2MB 8, 4MB 8
12:41:18,790 INFO kernel:Last level dTLB entries: 4KB 64, 2MB 0, 4MB 0, 1GB 4
12:41:18,790 INFO kernel:FEATURE SPEC_CTRL Not Present
12:41:18,790 INFO kernel:FEATURE IBPB_SUPPORT Not Present
12:41:18,790 INFO kernel:Spectre V1 : Mitigation: usercopy/swapgs barriers and __user pointer sanitization
12:41:18,790 INFO kernel:Spectre V2 : Mitigation: Full generic retpoline
12:41:18,790 INFO kernel:Spectre V2 : Spectre v2 / SpectreRSB mitigation: Filling RSB on context switch
12:41:18,790 INFO kernel:Speculative Store Bypass: Vulnerable
12:41:18,790 INFO kernel:MDS: Vulnerable: Clear CPU buffers attempted, no microcode
12:41:18,790 INFO kernel:Freeing SMP alternatives memory: 32K
12:41:18,790 INFO kernel:APIC calibration not consistent with PM-Timer: 108ms instead of 100ms
12:41:18,790 INFO kernel:APIC delta adjusted to PM-Timer: 6244349 (6752754)
12:41:18,790 INFO kernel:smpboot: CPU0: Intel(R) Core(TM) i7-8750H CPU @ 2.20GHz (family: 0x6, model: 0x9e, stepping: 0xa)
12:41:18,790 INFO kernel:Performance Events: unsupported p6 CPU model 158 no PMU driver, software events only.
12:41:18,790 INFO kernel:rcu: Hierarchical SRCU implementation.
12:41:18,790 INFO kernel:NMI watchdog: Perf NMI watchdog permanently disabled
12:41:18,790 INFO kernel:smp: Bringing up secondary CPUs ...
12:41:18,790 INFO kernel:smp: Brought up 1 node, 1 CPU
12:41:18,790 INFO kernel:smpboot: Max logical packages: 1
12:41:18,790 INFO kernel:smpboot: Total of 1 processors activated (4416.00 BogoMIPS)
12:41:18,790 INFO kernel:node 0 initialised, 167683 pages in 1ms
12:41:18,790 INFO kernel:devtmpfs: initialized
12:41:18,790 INFO kernel:x86/mm: Memory block size: 128MB
12:41:18,790 INFO kernel:clocksource: jiffies: mask: 0xffffffff max_cycles: 0xffffffff, max_idle_ns: 1911260446275000 ns
12:41:18,790 INFO kernel:futex hash table entries: 256 (order: 2, 16384 bytes)
12:41:18,790 INFO kernel:pinctrl core: initialized pinctrl subsystem
12:41:18,790 INFO kernel:NET: Registered protocol family 16
12:41:18,790 INFO kernel:audit: initializing netlink subsys (disabled)
12:41:18,790 INFO kernel:cpuidle: using governor menu
12:41:18,790 INFO kernel:ACPI: bus type PCI registered
12:41:18,790 INFO kernel:acpiphp: ACPI Hot Plug PCI Controller Driver version: 0.5
12:41:18,790 INFO kernel:PCI: Using configuration type 1 for base access
12:41:18,790 INFO kernel:audit: type=2000 audit(1600087282.704:1): state=initialized audit_enabled=0 res=1
12:41:18,790 INFO kernel:HugeTLB registered 2.00 MiB page size, pre-allocated 0 pages
12:41:18,790 INFO kernel:cryptd: max_cpu_qlen set to 1000
12:41:18,793 INFO kernel:ACPI: Added _OSI(Module Device)
12:41:18,793 INFO kernel:ACPI: Added _OSI(Processor Device)
12:41:18,793 INFO kernel:ACPI: Added _OSI(3.0 _SCP Extensions)
12:41:18,793 INFO kernel:ACPI: Added _OSI(Processor Aggregator Device)
12:41:18,793 INFO kernel:ACPI: Added _OSI(Linux-Dell-Video)
12:41:18,793 INFO kernel:ACPI: Added _OSI(Linux-Lenovo-NV-HDMI-Audio)
12:41:18,793 INFO kernel:ACPI: Added _OSI(Linux-HPI-Hybrid-Graphics)
12:41:18,793 INFO kernel:ACPI: 2 ACPI AML tables successfully acquired and loaded
12:41:18,793 INFO kernel:ACPI: Interpreter enabled
12:41:18,793 INFO kernel:ACPI: (supports S0 S5)
12:41:18,793 INFO kernel:ACPI: Using IOAPIC for interrupt routing
12:41:18,793 INFO kernel:PCI: Using host bridge windows from ACPI; if necessary, use "pci=nocrs" and report a bug
12:41:18,793 INFO kernel:ACPI: Enabled 2 GPEs in block 00 to 07
12:41:18,793 INFO kernel:ACPI: PCI Root Bridge [PCI0] (domain 0000 [bus 00-ff])
12:41:18,793 INFO kernel:acpi PNP0A03:00: _OSC: OS supports [ASPM ClockPM Segments MSI HPX-Type3]
12:41:18,793 INFO kernel:acpi PNP0A03:00: _OSC: not requesting OS control; OS requires [ExtendedConfig ASPM ClockPM MSI]
12:41:18,794 INFO kernel:acpi PNP0A03:00: fail to add MMCONFIG information, can't access extended PCI configuration space under this bridge.
12:41:18,794 INFO kernel:PCI host bridge to bus 0000:00
12:41:18,794 INFO kernel:pci_bus 0000:00: root bus resource [io 0x0000-0x0cf7 window]
12:41:18,794 INFO kernel:pci_bus 0000:00: root bus resource [io 0x0d00-0xffff window]
12:41:18,794 INFO kernel:pci_bus 0000:00: root bus resource [mem 0x000a0000-0x000bffff window]
12:41:18,794 INFO kernel:pci_bus 0000:00: root bus resource [mem 0x40000000-0xfdffffff window]
12:41:18,794 INFO kernel:pci_bus 0000:00: root bus resource [bus 00-ff]
12:41:18,794 INFO kernel:pci 0000:00:00.0: [8086:1237] type 00 class 0x060000
12:41:18,797 INFO kernel:pci 0000:00:01.0: [8086:7000] type 00 class 0x060100
12:41:18,797 INFO kernel:pci 0000:00:01.1: [8086:7111] type 00 class 0x01018a
12:41:18,797 INFO kernel:pci 0000:00:01.1: reg 0x20: [io 0xd000-0xd00f]
12:41:18,799 INFO kernel:pci 0000:00:01.1: legacy IDE quirk: reg 0x10: [io 0x01f0-0x01f7]
12:41:18,799 INFO kernel:pci 0000:00:01.1: legacy IDE quirk: reg 0x14: [io 0x03f6]
12:41:18,799 INFO kernel:pci 0000:00:01.1: legacy IDE quirk: reg 0x18: [io 0x0170-0x0177]
12:41:18,800 INFO kernel:pci 0000:00:01.1: legacy IDE quirk: reg 0x1c: [io 0x0376]
12:41:18,800 INFO kernel:pci 0000:00:02.0: [15ad:0405] type 00 class 0x030000
12:41:18,800 INFO kernel:pci 0000:00:02.0: reg 0x10: [io 0xd010-0xd01f]
12:41:18,800 INFO kernel:pci 0000:00:02.0: reg 0x14: [mem 0xe0000000-0xe0ffffff pref]
12:41:18,800 INFO kernel:pci 0000:00:02.0: reg 0x18: [mem 0xf0000000-0xf01fffff]
12:41:18,801 INFO kernel:pci 0000:00:03.0: [8086:100e] type 00 class 0x020000
12:41:18,801 INFO kernel:pci 0000:00:03.0: reg 0x10: [mem 0xf0200000-0xf021ffff]
12:41:18,803 INFO kernel:pci 0000:00:03.0: reg 0x18: [io 0xd020-0xd027]
12:41:18,803 INFO kernel:pci 0000:00:04.0: [80ee:cafe] type 00 class 0x088000
12:41:18,803 INFO kernel:pci 0000:00:04.0: reg 0x10: [io 0xd040-0xd05f]
12:41:18,803 INFO kernel:pci 0000:00:04.0: reg 0x14: [mem 0xf0400000-0xf07fffff]
12:41:18,803 INFO kernel:pci 0000:00:04.0: reg 0x18: [mem 0xf0800000-0xf0803fff pref]
12:41:18,804 INFO kernel:pci 0000:00:05.0: [8086:2415] type 00 class 0x040100
12:41:18,804 INFO kernel:pci 0000:00:05.0: reg 0x10: [io 0xd100-0xd1ff]
12:41:18,804 INFO kernel:pci 0000:00:05.0: reg 0x14: [io 0xd200-0xd23f]
12:41:18,805 INFO kernel:pci 0000:00:06.0: [106b:003f] type 00 class 0x0c0310
12:41:18,806 INFO kernel:pci 0000:00:06.0: reg 0x10: [mem 0xf0804000-0xf0804fff]
12:41:18,806 INFO kernel:pci 0000:00:07.0: [8086:7113] type 00 class 0x068000
12:41:18,806 INFO kernel:pci 0000:00:07.0: quirk: [io 0x4000-0x403f] claimed by PIIX4 ACPI
12:41:18,806 INFO kernel:pci 0000:00:07.0: quirk: [io 0x4100-0x410f] claimed by PIIX4 SMB
12:41:18,807 INFO kernel:pci 0000:00:0d.0: [8086:2829] type 00 class 0x010601
12:41:18,808 INFO kernel:pci 0000:00:0d.0: reg 0x10: [io 0xd240-0xd247]
12:41:18,808 INFO kernel:pci 0000:00:0d.0: reg 0x14: [io 0xd248-0xd24b]
12:41:18,808 INFO kernel:pci 0000:00:0d.0: reg 0x18: [io 0xd250-0xd257]
12:41:18,808 INFO kernel:pci 0000:00:0d.0: reg 0x1c: [io 0xd258-0xd25b]
12:41:18,808 INFO kernel:pci 0000:00:0d.0: reg 0x20: [io 0xd260-0xd26f]
12:41:18,808 INFO kernel:pci 0000:00:0d.0: reg 0x24: [mem 0xf0806000-0xf0807fff]
12:41:18,808 INFO kernel:ACPI: PCI Interrupt Link [LNKA] (IRQs 5 9 10 *11)
12:41:18,808 INFO kernel:ACPI: PCI Interrupt Link [LNKB] (IRQs 5 9 *10 11)
12:41:18,808 INFO kernel:ACPI: PCI Interrupt Link [LNKC] (IRQs 5 *9 10 11)
12:41:18,808 INFO kernel:ACPI: PCI Interrupt Link [LNKD] (IRQs 5 9 10 *11)
12:41:18,808 INFO kernel:iommu: Default domain type: Passthrough
12:41:18,809 INFO kernel:pci 0000:00:02.0: vgaarb: setting as boot VGA device
12:41:18,810 INFO kernel:pci 0000:00:02.0: vgaarb: VGA device added: decodes=io+mem,owns=io+mem,locks=none
12:41:18,810 INFO kernel:pci 0000:00:02.0: vgaarb: bridge control possible
12:41:18,810 INFO kernel:vgaarb: loaded
12:41:18,810 INFO kernel:SCSI subsystem initialized
12:41:18,810 INFO kernel:ACPI: bus type USB registered
12:41:18,810 INFO kernel:usbcore: registered new interface driver usbfs
12:41:18,811 INFO kernel:usbcore: registered new interface driver hub
12:41:18,811 INFO kernel:usbcore: registered new device driver usb
12:41:18,811 INFO kernel:pps_core: LinuxPPS API ver. 1 registered
12:41:18,811 INFO kernel:pps_core: Software ver. 5.3.6 - Copyright 2005-2007 Rodolfo Giometti <giometti@linux.it>
12:41:18,811 INFO kernel:PTP clock support registered
12:41:18,811 INFO kernel:EDAC MC: Ver: 3.0.0
12:41:18,811 INFO kernel:PCI: Using ACPI for IRQ routing
12:41:18,811 INFO kernel:PCI: pci_cache_line_size set to 64 bytes
12:41:18,811 INFO kernel:e820: reserve RAM buffer [mem 0x0009fc00-0x0009ffff]
12:41:18,811 INFO kernel:e820: reserve RAM buffer [mem 0x3fff0000-0x3fffffff]
12:41:18,811 INFO kernel:NetLabel: Initializing
12:41:18,811 INFO kernel:NetLabel: domain hash size = 128
12:41:18,811 INFO kernel:NetLabel: protocols = UNLABELED CIPSOv4 CALIPSO
12:41:18,811 INFO kernel:NetLabel: unlabeled traffic allowed by default
12:41:18,811 INFO kernel:clocksource: Switched to clocksource kvm-clock
12:41:18,811 INFO kernel:VFS: Disk quotas dquot_6.6.0
12:41:18,811 INFO kernel:VFS: Dquot-cache hash table entries: 512 (order 0, 4096 bytes)
12:41:18,811 INFO kernel:pnp: PnP ACPI init
12:41:18,811 INFO kernel:pnp 00:00: Plug and Play ACPI device, IDs PNP0303 (active)
12:41:18,811 INFO kernel:pnp 00:01: Plug and Play ACPI device, IDs PNP0f03 (active)
12:41:18,811 INFO kernel:pnp: PnP ACPI: found 2 devices
12:41:18,811 INFO kernel:clocksource: acpi_pm: mask: 0xffffff max_cycles: 0xffffff, max_idle_ns: 2085701024 ns
12:41:18,811 INFO kernel:pci_bus 0000:00: resource 4 [io 0x0000-0x0cf7 window]
12:41:18,811 INFO kernel:pci_bus 0000:00: resource 5 [io 0x0d00-0xffff window]
12:41:18,811 INFO kernel:pci_bus 0000:00: resource 6 [mem 0x000a0000-0x000bffff window]
12:41:18,811 INFO kernel:pci_bus 0000:00: resource 7 [mem 0x40000000-0xfdffffff window]
12:41:18,811 INFO kernel:NET: Registered protocol family 2
12:41:18,811 INFO kernel:tcp_listen_portaddr_hash hash table entries: 512 (order: 1, 8192 bytes)
12:41:18,811 INFO kernel:TCP established hash table entries: 8192 (order: 4, 65536 bytes)
12:41:18,811 INFO kernel:TCP bind hash table entries: 8192 (order: 5, 131072 bytes)
12:41:18,811 INFO kernel:TCP: Hash tables configured (established 8192 bind 8192)
12:41:18,811 INFO kernel:UDP hash table entries: 512 (order: 2, 16384 bytes)
12:41:18,811 INFO kernel:UDP-Lite hash table entries: 512 (order: 2, 16384 bytes)
12:41:18,811 INFO kernel:NET: Registered protocol family 1
12:41:18,811 INFO kernel:NET: Registered protocol family 44
12:41:18,812 INFO kernel:pci 0000:00:00.0: Limiting direct PCI/PCI transfers
12:41:18,814 INFO kernel:pci 0000:00:01.0: Activating ISA DMA hang workarounds
12:41:18,814 INFO kernel:pci 0000:00:02.0: Video device with shadowed ROM at [mem 0x000c0000-0x000dffff]
12:41:18,814 INFO kernel:PCI: CLS 0 bytes, default 64
12:41:18,814 INFO kernel:Unpacking initramfs...
12:41:18,815 INFO kernel:Freeing initrd memory: 63592K
12:41:18,815 INFO kernel:clocksource: tsc: mask: 0xffffffffffffffff max_cycles: 0x1fd3ba1610f, max_idle_ns: 440795284337 ns
12:41:18,815 INFO kernel:clocksource: Switched to clocksource tsc
12:41:18,815 INFO kernel:platform rtc_cmos: registered platform RTC device (no PNP device found)
12:41:18,815 INFO kernel:Initialise system trusted keyrings
12:41:18,815 INFO kernel:Key type blacklist registered
12:41:18,815 INFO kernel:workingset: timestamp_bits=36 max_order=18 bucket_order=0
12:41:18,815 INFO kernel:zbud: loaded
12:41:18,815 INFO kernel:pstore: using deflate compression
12:41:18,815 INFO kernel:Platform Keyring initialized
12:41:18,815 INFO kernel:NET: Registered protocol family 38
12:41:18,815 INFO kernel:Key type asymmetric registered
12:41:18,815 INFO kernel:Asymmetric key parser 'x509' registered
12:41:18,815 INFO kernel:Block layer SCSI generic (bsg) driver version 0.4 loaded (major 246)
12:41:18,815 INFO kernel:io scheduler mq-deadline registered
12:41:18,815 INFO kernel:io scheduler kyber registered
12:41:18,815 INFO kernel:io scheduler bfq registered
12:41:18,815 INFO kernel:atomic64_test: passed for x86-64 platform with CX8 and with SSE
12:41:18,815 INFO kernel:shpchp: Standard Hot Plug PCI Controller Driver version: 0.4
12:41:18,815 INFO kernel:ACPI: AC Adapter [AC] (on-line)
12:41:18,815 INFO kernel:input: Power Button as /devices/LNXSYSTM:00/LNXPWRBN:00/input/input0
12:41:18,815 INFO kernel:ACPI: Power Button [PWRF]
12:41:18,815 INFO kernel:input: Sleep Button as /devices/LNXSYSTM:00/LNXSLPBN:00/input/input1
12:41:18,815 INFO kernel:ACPI: Sleep Button [SLPF]
12:41:18,815 INFO kernel:battery: ACPI: Battery Slot [BAT0] (battery present)
12:41:18,815 INFO kernel:Serial: 8250/16550 driver, 4 ports, IRQ sharing enabled
12:41:18,815 INFO kernel:Non-volatile memory driver v1.3
12:41:18,815 INFO kernel:rdac: device handler registered
12:41:18,815 INFO kernel:hp_sw: device handler registered
12:41:18,815 INFO kernel:emc: device handler registered
12:41:18,815 INFO kernel:alua: device handler registered
12:41:18,815 INFO kernel:libphy: Fixed MDIO Bus: probed
12:41:18,815 INFO kernel:ehci_hcd: USB 2.0 'Enhanced' Host Controller (EHCI) Driver
12:41:18,815 INFO kernel:ehci-pci: EHCI PCI platform driver
12:41:18,815 INFO kernel:ohci_hcd: USB 1.1 'Open' Host Controller (OHCI) Driver
12:41:18,815 INFO kernel:ohci-pci: OHCI PCI platform driver
12:41:18,817 INFO kernel:ohci-pci 0000:00:06.0: OHCI PCI host controller
12:41:18,817 INFO kernel:ohci-pci 0000:00:06.0: new USB bus registered, assigned bus number 1
12:41:18,818 INFO kernel:ohci-pci 0000:00:06.0: irq 22, io mem 0xf0804000
12:41:18,818 INFO kernel:usb usb1: New USB device found, idVendor=1d6b, idProduct=0001, bcdDevice= 4.18
12:41:18,818 INFO kernel:usb usb1: New USB device strings: Mfr=3, Product=2, SerialNumber=1
12:41:18,820 INFO kernel:usb usb1: Product: OHCI PCI host controller
12:41:18,820 INFO kernel:usb usb1: Manufacturer: Linux 4.18.0-193.el8.x86_64 ohci_hcd
12:41:18,820 INFO kernel:usb usb1: SerialNumber: 0000:00:06.0
12:41:18,820 INFO kernel:hub 1-0:1.0: USB hub found
12:41:18,822 INFO kernel:hub 1-0:1.0: 12 ports detected
12:41:18,822 INFO kernel:uhci_hcd: USB Universal Host Controller Interface driver
12:41:18,822 INFO kernel:usbcore: registered new interface driver usbserial_generic
12:41:18,822 INFO kernel:usbserial: USB Serial support registered for generic
12:41:18,822 INFO kernel:i8042: PNP: PS/2 Controller [PNP0303:PS2K,PNP0f03:PS2M] at 0x60,0x64 irq 1,12
12:41:18,822 INFO kernel:serio: i8042 KBD port at 0x60,0x64 irq 1
12:41:18,822 INFO kernel:serio: i8042 AUX port at 0x60,0x64 irq 12
12:41:18,822 INFO kernel:mousedev: PS/2 mouse device common for all mice
12:41:18,822 INFO kernel:input: AT Translated Set 2 keyboard as /devices/platform/i8042/serio0/input/input2
12:41:18,822 INFO kernel:rtc_cmos rtc_cmos: registered as rtc0
12:41:18,822 INFO kernel:rtc_cmos rtc_cmos: alarms up to one day, 114 bytes nvram
12:41:18,822 INFO kernel:intel_pstate: CPU model not supported
12:41:18,822 INFO kernel:hidraw: raw HID events driver (C) Jiri Kosina
12:41:18,822 INFO kernel:usbcore: registered new interface driver usbhid
12:41:18,822 INFO kernel:usbhid: USB HID core driver
12:41:18,822 INFO kernel:drop_monitor: Initializing network drop monitor service
12:41:18,822 INFO kernel:Initializing XFRM netlink socket
12:41:18,822 INFO kernel:NET: Registered protocol family 10
12:41:18,822 INFO kernel:Segment Routing with IPv6
12:41:18,822 INFO kernel:NET: Registered protocol family 17
12:41:18,822 INFO kernel:mpls_gso: MPLS GSO support
12:41:18,822 INFO kernel:core: Using 0 MCE banks
12:41:18,822 INFO kernel:AVX2 version of gcm_enc/dec engaged.
12:41:18,822 INFO kernel:AES CTR mode by8 optimization enabled
12:41:18,822 INFO kernel:sched_clock: Marking stable (5150161799, 0)->(5700965190, -550803391)
12:41:18,822 INFO kernel:registered taskstats version 1
12:41:18,822 INFO kernel:Loading compiled-in X.509 certificates
12:41:18,822 INFO kernel:Loaded X.509 cert 'CentOS Linux kernel signing key: 5e845a6615b39bf1de63e0d9551f41c3de386d7f'
12:41:18,822 INFO kernel:Loaded X.509 cert 'CentOS Linux Driver update signing key: 29bd4c0d06d2e9911044b5dc973309139b51d6d5'
12:41:18,822 INFO kernel:Loaded X.509 cert 'CentOS Linux kpatch signing key: b49f086205909dc4da2cfa99376fb191d2f09e78'
12:41:18,822 INFO kernel:zswap: loaded using pool lzo/zbud
12:41:18,822 INFO kernel:Key type big_key registered
12:41:18,822 INFO kernel:Key type encrypted registered
12:41:18,822 INFO kernel:ima: No TPM chip found, activating TPM-bypass!
12:41:18,822 INFO kernel:ima: Allocated hash algorithm: sha1
12:41:18,822 INFO kernel:evm: Initialising EVM extended attributes:
12:41:18,822 INFO kernel:evm: security.selinux
12:41:18,822 INFO kernel:evm: security.ima
12:41:18,822 INFO kernel:evm: security.capability
12:41:18,822 INFO kernel:evm: HMAC attrs: 0x1
12:41:18,823 INFO kernel:rtc_cmos rtc_cmos: setting system clock to 2020-09-14 12:41:16 UTC (1600087276)
12:41:18,823 INFO kernel:Freeing unused decrypted memory: 2040K
12:41:18,823 INFO kernel:Freeing unused kernel memory: 2404K
12:41:18,823 INFO kernel:Write protecting the kernel read-only data: 18432k
12:41:18,823 INFO kernel:Freeing unused kernel memory: 2020K
12:41:18,823 INFO kernel:Freeing unused kernel memory: 248K
12:41:18,823 INFO systemd:systemd 239 running in system mode. (+PAM +AUDIT +SELINUX +IMA -APPARMOR +SMACK +SYSVINIT +UTMP +LIBCRYPTSETUP +GCRYPT +GNUTLS +ACL +XZ +LZ4 +SECCOMP +BLKID +ELFUTILS +KMOD +IDN2 -IDN +PCRE2 default-hierarchy=legacy)
12:41:18,823 INFO systemd:Detected virtualization oracle.
12:41:18,823 INFO systemd:Detected architecture x86-64.
12:41:18,823 INFO systemd:Running in initial RAM disk.
12:41:18,823 INFO systemd:No hostname configured.
12:41:18,823 INFO systemd:Set hostname to <localhost>.
12:41:18,823 INFO kernel:random: systemd: uninitialized urandom read (16 bytes read)
12:41:18,823 INFO systemd:Initializing machine ID from random generator.
12:41:18,823 INFO kernel:random: ln: uninitialized urandom read (6 bytes read)
12:41:18,823 INFO kernel:input: ImExPS/2 Generic Explorer Mouse as /devices/platform/i8042/serio1/input/input4
12:41:18,823 INFO kernel:random: systemd: uninitialized urandom read (16 bytes read)
12:41:18,823 INFO systemd:Listening on udev Kernel Socket.
12:41:18,823 INFO systemd:Reached target Swap.
12:41:18,823 INFO systemd:Listening on Journal Socket.
12:41:18,823 INFO kernel:Loading iSCSI transport class v2.0-870.
12:41:18,825 INFO kernel:BIOS EDD facility v0.16 2004-Jun-25, 1 devices found
12:41:18,825 INFO kernel:iscsi: registered transport (tcp)
12:41:18,825 INFO kernel:iscsi: registered transport (qla4xxx)
12:41:18,825 INFO kernel:QLogic iSCSI HBA Driver
12:41:18,825 INFO kernel:libcxgbi:libcxgbi_init_module: Chelsio iSCSI driver library libcxgbi v0.9.1-ko (Apr. 2015)
12:41:18,825 INFO kernel:Chelsio T4-T6 iSCSI Driver cxgb4i v0.9.5-ko (Apr. 2015)
12:41:18,825 INFO kernel:iscsi: registered transport (cxgb4i)
12:41:18,825 INFO kernel:cnic: QLogic cnicDriver v2.5.22 (July 20, 2015)
12:41:18,825 INFO kernel:QLogic NetXtreme II iSCSI Driver bnx2i v2.7.10.1 (Jul 16, 2014)
12:41:18,825 INFO kernel:iscsi: registered transport (bnx2i)
12:41:18,825 INFO kernel:iscsi: registered transport (be2iscsi)
12:41:18,825 INFO kernel:In beiscsi_module_init, tt=00000000412253fa
12:41:18,825 INFO kernel:squashfs: version 4.0 (2009/01/31) Phillip Lougher
12:41:18,825 INFO kernel:No iBFT detected.
12:41:18,825 INFO kernel:raid6: sse2x1 gen() 11656 MB/s
12:41:18,825 INFO kernel:raid6: sse2x1 xor() 7691 MB/s
12:41:18,825 INFO kernel:raid6: sse2x2 gen() 12050 MB/s
12:41:18,825 INFO kernel:raid6: sse2x2 xor() 10076 MB/s
12:41:18,825 INFO kernel:raid6: sse2x4 gen() 16515 MB/s
12:41:18,825 INFO kernel:raid6: sse2x4 xor() 9853 MB/s
12:41:18,825 INFO kernel:raid6: avx2x1 gen() 19734 MB/s
12:41:18,825 INFO kernel:raid6: avx2x1 xor() 16171 MB/s
12:41:18,825 INFO kernel:raid6: avx2x2 gen() 29937 MB/s
12:41:18,825 INFO kernel:raid6: avx2x2 xor() 18523 MB/s
12:41:18,825 INFO kernel:raid6: avx2x4 gen() 26875 MB/s
12:41:18,825 INFO kernel:raid6: avx2x4 xor() 17449 MB/s
12:41:18,825 INFO kernel:raid6: using algorithm avx2x2 gen() 29937 MB/s
12:41:18,825 INFO kernel:raid6: .... xor() 18523 MB/s, rmw enabled
12:41:18,825 INFO kernel:raid6: using avx2x2 recovery algorithm
12:41:18,825 INFO systemd-journald:Journal started
12:41:18,825 INFO systemd-journald:Runtime journal (/run/log/journal/8a9a1efa854e4981ae7066956625e080) is 6.1M, max 48.9M, 42.8M free.
12:41:18,827 INFO rngd:Initializing available sources
12:41:18,827 INFO rngd:Failed to init entropy source hwrng
12:41:18,827 INFO rngd:Enabling RDSEED rng support
12:41:18,827 INFO rngd:Initializing entropy source rdrand
12:41:18,829 INFO dracut-cmdline:dracut-8 (Core) dracut-049-70.git20200228.el8
12:41:18,829 INFO dracut-cmdline:Using kernel command line parameters: BOOT_IMAGE=vmlinuz initrd=initrd.img inst.stage2=hd:LABEL=CentOS-8-2-2004-x86_64-dvd rd.live.check quiet
12:41:18,829 INFO dracut-cmdline:Loading CentOS Linux 8 x86_64 installer...
12:41:18,829 INFO dracut-cmdline:rd.luks=0: removing cryptoluks activation
12:41:18,829 INFO dracut-cmdline:rd.lvm=0: removing LVM activation
12:41:18,831 INFO dracut-pre-udev:modprobe: FATAL: Module floppy not found in directory /lib/modules/4.18.0-193.el8.x86_64
12:41:18,988 INFO kernel:async_tx: api initialized (async)
12:41:18,992 INFO kernel:xor: automatically using best checksumming function avx
12:41:19,158 INFO kernel:device-mapper: uevent: version 1.0.3
12:41:19,158 INFO kernel:device-mapper: ioctl: 4.39.0-ioctl (2018-04-03) initialised: dm-devel@redhat.com
12:41:19,278 INFO kernel:device-mapper: multipath round-robin: version 1.2.0 loaded
12:41:19,340 INFO dracut-pre-udev:modprobe: ERROR: could not insert 'sha256_mb': No such device
12:41:19,551 INFO kernel:RPC: Registered named UNIX socket transport module.
12:41:19,551 INFO kernel:RPC: Registered udp transport module.
12:41:19,551 INFO kernel:RPC: Registered tcp transport module.
12:41:19,551 INFO kernel:RPC: Registered tcp NFSv4.1 backchannel transport module.
12:41:20,025 INFO rpc.statd:Version 2.3.3 starting
12:41:20,038 INFO rpc.statd:Initializing NSM state
12:41:20,393 INFO rpc.statd:Running as root. chown /var/lib/nfs/statd to choose different user
12:41:20,441 INFO rpc.idmapd:Setting log level to 0
12:41:20,485 INFO systemd:Started dracut pre-udev hook.
12:41:20,486 INFO systemd:Starting udev Kernel Device Manager...
12:41:20,882 INFO rngd:Initializing AES buffer
12:41:20,882 INFO rngd:Enabling JITTER rng support
12:41:21,448 INFO systemd:Started udev Kernel Device Manager.
12:41:21,448 INFO systemd:Starting dracut pre-trigger hook...
12:41:21,495 INFO lldpad:config file failed to load,
12:41:21,496 INFO lldpad:create a new file.
12:41:21,496 INFO lldpad:bound ctrl iface to /com/intel/lldpad
12:41:21,499 INFO dracut-pre-trigger:796
12:41:21,532 INFO dracut-pre-trigger:rd.md=0: removing MD RAID activation
12:41:21,766 INFO systemd:Started dracut pre-trigger hook.
12:41:21,766 INFO systemd:Starting udev Coldplug all Devices...
12:41:21,851 INFO systemd:Mounting Kernel Configuration File System...
12:41:21,865 INFO systemd:Mounted Kernel Configuration File System.
12:41:21,926 INFO systemd:Started udev Coldplug all Devices.
12:41:21,926 INFO systemd:Starting Show Plymouth Boot Screen...
12:41:21,927 INFO systemd:Starting udev Wait for Complete Device Initialization...
12:41:21,983 INFO kernel:ACPI: Video Device [GFX0] (multi-head: yes rom: no post: no)
12:41:21,983 INFO kernel:input: Video Bus as /devices/LNXSYSTM:00/LNXSYBUS:00/PNP0A03:00/LNXVIDEO:00/input/input5
12:41:22,032 INFO systemd:Started Show Plymouth Boot Screen.
12:41:22,032 INFO systemd:Received SIGRTMIN+20 from PID 880 (plymouthd).
12:41:22,051 INFO systemd-udevd:link_config: autonegotiation is unset or enabled, the speed and duplex are not writable.
12:41:22,056 INFO systemd:Started Forward Password Requests to Plymouth Directory Watch.
12:41:22,056 INFO systemd:Reached target Paths.
12:41:22,056 INFO systemd:Reached target Local Encrypted Volumes.
12:41:22,132 INFO kernel:libata version 3.00 loaded.
12:41:22,157 INFO kernel:e1000: Intel(R) PRO/1000 Network Driver - version 7.3.21-k8-NAPI
12:41:22,157 INFO kernel:e1000: Copyright (c) 1999-2006 Intel Corporation.
12:41:22,157 INFO kernel:e1000: E1000 MODULE IS NOT SUPPORTED
12:41:22,220 INFO kernel:ata_piix 0000:00:01.1: version 2.13
12:41:22,233 INFO kernel:scsi host0: ata_piix
12:41:22,235 INFO kernel:scsi host1: ata_piix
12:41:22,235 INFO kernel:ata1: PATA max UDMA/33 cmd 0x1f0 ctl 0x3f6 bmdma 0xd000 irq 14
12:41:22,235 INFO kernel:ata2: PATA max UDMA/33 cmd 0x170 ctl 0x376 bmdma 0xd008 irq 15
12:41:22,280 INFO kernel:ahci 0000:00:0d.0: version 3.0
12:41:22,281 INFO kernel:ahci 0000:00:0d.0: SSS flag set, parallel bus scan disabled
12:41:22,281 INFO kernel:ahci 0000:00:0d.0: AHCI 0001.0100 32 slots 1 ports 3 Gbps 0x1 impl SATA mode
12:41:22,281 INFO kernel:ahci 0000:00:0d.0: flags: 64bit ncq stag only ccc
12:41:22,290 INFO kernel:scsi host2: ahci
12:41:22,291 INFO kernel:ata3: SATA max UDMA/133 abar m8192@0xf0806000 port 0xf0806100 irq 21
12:41:22,403 INFO kernel:ata2.00: ATAPI: VBOX CD-ROM, 1.0, max UDMA/133
12:41:22,404 INFO kernel:scsi 1:0:0:0: CD-ROM VBOX CD-ROM 1.0 PQ: 0 ANSI: 5
12:41:22,426 INFO kernel:[drm] DMA map mode: Caching DMA mappings.
12:41:22,426 INFO kernel:[drm] Capabilities:
12:41:22,426 INFO kernel:[drm] Cursor.
12:41:22,426 INFO kernel:[drm] Cursor bypass 2.
12:41:22,426 INFO kernel:[drm] Alpha cursor.
12:41:22,426 INFO kernel:[drm] 3D.
12:41:22,426 INFO kernel:[drm] Extended Fifo.
12:41:22,426 INFO kernel:[drm] Pitchlock.
12:41:22,426 INFO kernel:[drm] Irq mask.
12:41:22,426 INFO kernel:[drm] GMR.
12:41:22,426 INFO kernel:[drm] Traces.
12:41:22,426 INFO kernel:[drm] GMR2.
12:41:22,426 INFO kernel:[drm] Screen Object 2.
12:41:22,426 INFO kernel:[drm] Max GMR ids is 8192
12:41:22,426 INFO kernel:[drm] Max number of GMR pages is 1048576
12:41:22,426 INFO kernel:[drm] Max dedicated hypervisor surface memory is 507904 kiB
12:41:22,426 INFO kernel:[drm] Maximum display memory size is 16384 kiB
12:41:22,426 INFO kernel:[drm] VRAM at 0xe0000000 size is 16384 kiB
12:41:22,426 INFO kernel:[drm] MMIO at 0xf0000000 size is 2048 kiB
12:41:22,431 INFO kernel:[TTM] Zone kernel: Available graphics memory: 501368 KiB
12:41:22,431 INFO kernel:[TTM] Initializing pool allocator
12:41:22,431 INFO kernel:[TTM] Initializing DMA pool allocator
12:41:22,431 INFO kernel:[drm] Supports vblank timestamp caching Rev 2 (21.10.2013).
12:41:22,431 INFO kernel:[drm] No driver support for vblank timestamp query.
12:41:22,431 INFO kernel:[drm] Screen Objects Display Unit initialized
12:41:22,431 INFO kernel:[drm] width 720
12:41:22,431 INFO kernel:[drm] height 400
12:41:22,431 INFO kernel:[drm] bpp 32
12:41:22,431 INFO kernel:[drm] Fifo max 0x00200000 min 0x00001000 cap 0x00000355
12:41:22,431 INFO kernel:[drm] DX: no.
12:41:22,431 INFO kernel:[drm] Atomic: yes.
12:41:22,431 INFO kernel:[drm] SM4_1: no.
12:41:22,431 INFO kernel:[drm:vmw_host_log [vmwgfx]] *ERROR* Failed to send host log message.
12:41:22,433 INFO kernel:[drm:vmw_host_log [vmwgfx]] *ERROR* Failed to send host log message.
12:41:22,439 INFO kernel:fbcon: svgadrmfb (fb0) is primary device
12:41:22,441 INFO kernel:Console: switching to colour frame buffer device 100x37
12:41:22,461 INFO kernel:[drm] Initialized vmwgfx 2.15.0 20180704 for 0000:00:02.0 on minor 0
12:41:22,606 INFO kernel:ata3: SATA link up 3.0 Gbps (SStatus 123 SControl 300)
12:41:22,606 INFO kernel:ata3.00: ATA-6: VBOX HARDDISK, 1.0, max UDMA/133
12:41:22,606 INFO kernel:ata3.00: 33554432 sectors, multi 128: LBA48 NCQ (depth 32)
12:41:22,606 INFO kernel:ata3.00: configured for UDMA/133
12:41:22,606 INFO kernel:scsi 2:0:0:0: Direct-Access ATA VBOX HARDDISK 1.0 PQ: 0 ANSI: 5
12:41:22,630 INFO kernel:scsi 1:0:0:0: Attached scsi generic sg0 type 5
12:41:22,630 INFO kernel:scsi 2:0:0:0: Attached scsi generic sg1 type 0
12:41:22,638 INFO kernel:sd 2:0:0:0: [sda] 33554432 512-byte logical blocks: (17.2 GB/16.0 GiB)
12:41:22,638 INFO kernel:sd 2:0:0:0: [sda] Write Protect is off
12:41:22,638 INFO kernel:sd 2:0:0:0: [sda] Mode Sense: 00 3a 00 00
12:41:22,638 INFO kernel:sd 2:0:0:0: [sda] Write cache: enabled, read cache: enabled, doesn't support DPO or FUA
12:41:22,644 INFO kernel:sd 2:0:0:0: [sda] Attached SCSI disk
12:41:22,647 INFO kernel:sr 1:0:0:0: [sr0] scsi3-mmc drive: 32x/32x xa/form2 tray
12:41:22,647 INFO kernel:cdrom: Uniform CD-ROM driver Revision: 3.20
12:41:22,648 INFO kernel:sr 1:0:0:0: Attached scsi CD-ROM sr0
12:41:22,920 INFO kernel:random: fast init done
12:41:23,068 INFO kernel:e1000 0000:00:03.0 eth0: (PCI:33MHz:32-bit) 08:00:27:3b:15:83
12:41:23,068 INFO kernel:e1000 0000:00:03.0 eth0: Intel(R) PRO/1000 Network Connection
12:41:23,068 INFO kernel:e1000 0000:00:03.0 enp0s3: renamed from eth0
12:41:23,068 INFO systemd-udevd:link_config: autonegotiation is unset or enabled, the speed and duplex are not writable.
12:41:23,092 INFO systemd:Started udev Wait for Complete Device Initialization.
12:41:23,093 INFO systemd:Starting Device-Mapper Multipath Device Controller...
12:41:23,105 INFO kernel:8021q: 802.1Q VLAN Support v1.8
12:41:23,110 INFO systemd:Started Device-Mapper Multipath Device Controller.
12:41:23,110 INFO systemd:Starting Open-iSCSI...
12:41:23,110 INFO systemd:Reached target Local File Systems (Pre).
12:41:23,110 INFO systemd:Reached target Local File Systems.
12:41:23,110 INFO systemd:Starting Create Volatile Files and Directories...
12:41:23,126 INFO iscsid:iscsid: can't open InitiatorName configuration file /etc/iscsi/initiatorname.iscsi
12:41:23,127 INFO iscsid:iscsid: Warning: InitiatorName file /etc/iscsi/initiatorname.iscsi does not exist or does not contain a properly formatted InitiatorName. If using software iscsi (iscsi_tcp or ib_iser) or partial offload (bnx2i or cxgbi iscsi), you may not be able to log into or discover targets. Please create a file /etc/iscsi/initiatorname.iscsi that contains a sting with the format: InitiatorName=iqn.yyyy-mm.<reversed domain name>[:identifier].
12:41:23,127 INFO iscsid:Example: InitiatorName=iqn.2001-04.com.redhat:fc6.
12:41:23,127 INFO iscsid:If using hardware iscsi like qla4xxx this message can be ignored.
12:41:23,127 INFO iscsid:iscsid: can't open InitiatorAlias configuration file /etc/iscsi/initiatorname.iscsi
12:41:23,129 INFO systemd:Started Open-iSCSI.
12:41:23,129 INFO systemd:Starting dracut initqueue hook...
12:41:23,134 INFO multipathd:--------start up--------
12:41:23,134 INFO multipathd:read /etc/multipath.conf
12:41:23,148 INFO multipathd:path checkers start up
12:41:23,152 INFO systemd:Started Create Volatile Files and Directories.
12:41:23,152 INFO systemd:Reached target System Initialization.
12:41:23,152 INFO systemd:Reached target Basic System.
12:41:23,227 INFO systemd:Reloading.
12:41:23,453 INFO rngd:Initializing entropy source jitter
12:41:23,454 INFO kernel:random: crng init done
12:41:23,454 INFO kernel:random: 7 urandom warning(s) missed due to ratelimiting
12:41:23,566 INFO dracut-initqueue:anaconda using disk root at /dev/sr0
12:41:23,597 INFO kernel:ISO 9660 Extensions: Microsoft Joliet Level 3
12:41:23,603 INFO kernel:ISO 9660 Extensions: RRIP_1991A
12:41:23,603 INFO dracut-initqueue:mount: /run/install/repo: WARNING: device write-protected, mounted read-only.
12:41:23,785 INFO dracut-initqueue:anaconda: found /run/install/repo//images/install.img
12:41:23,994 INFO kernel:loop: module loaded
12:41:24,208 INFO systemd:Received SIGRTMIN+20 from PID 880 (plymouthd).
12:41:24,228 INFO systemd:Created slice system-checkisomd5.slice.
12:41:24,229 INFO systemd:Starting Media check on /dev/sr0...
12:47:39,828 INFO systemd:Started Media check on /dev/sr0.
12:47:39,860 INFO systemd:Received SIGRTMIN+20 from PID 880 (plymouthd).
12:47:39,889 INFO systemd:Started dracut initqueue hook.
12:47:39,889 INFO systemd:Reached target Remote File Systems (Pre).
12:47:39,889 INFO systemd:Reached target Remote File Systems.
12:47:39,889 INFO systemd:Starting dracut pre-mount hook...
12:47:39,907 INFO systemd:Started dracut pre-mount hook.
12:47:39,907 INFO systemd:Reached target Initrd Root File System.
12:47:39,907 INFO systemd:Starting Reload Configuration from the Real Root...
12:47:39,917 INFO systemd:Reloading.
12:47:40,048 INFO systemd:Started Reload Configuration from the Real Root.
12:47:40,048 INFO systemd:Reached target Initrd File Systems.
12:47:40,049 INFO systemd:Reached target Initrd Default Target.
12:47:40,050 INFO systemd:Starting dracut mount hook...
12:47:40,136 INFO kernel:EXT4-fs (dm-0): mounted filesystem with ordered data mode. Opts: (null)
12:47:40,159 INFO systemd:Started dracut mount hook.
12:47:40,159 INFO systemd:Starting dracut pre-pivot and cleanup hook...
12:47:40,364 INFO systemd:Started dracut pre-pivot and cleanup hook.
12:47:40,364 INFO systemd:Starting Cleaning Up and Shutting Down Daemons...
12:47:40,379 INFO systemd:Starting Setup Virtual Console...
12:47:40,380 INFO systemd:Stopped target Timers.
12:47:40,381 INFO systemd:Stopped dracut pre-pivot and cleanup hook.
12:47:40,381 INFO systemd:Stopped target Remote File Systems.
12:47:40,382 INFO systemd:Stopped dracut mount hook.
12:47:40,383 INFO systemd:Stopped dracut pre-mount hook.
12:47:40,384 INFO systemd:Stopped target Initrd Default Target.
12:47:40,384 INFO systemd:Stopped target Initrd Root Device.
12:47:40,385 INFO systemd:Starting Plymouth switch root service...
12:47:40,386 INFO systemd:Stopped target Remote File Systems (Pre).
12:47:40,387 INFO systemd:Stopped dracut initqueue hook.
12:47:40,388 INFO iscsid:iscsid: iscsid shutting down.
12:47:40,390 INFO systemd:Stopping Open-iSCSI...
12:47:40,390 INFO systemd:Stopped target Basic System.
12:47:40,391 INFO systemd:Stopped target System Initialization.
12:47:40,391 INFO systemd:Stopped target Local Encrypted Volumes.
12:47:40,392 INFO systemd:Stopped Apply Kernel Variables.
12:47:40,393 INFO systemd:Stopped target Swap.
12:47:40,393 INFO systemd:Stopped target Slices.
12:47:40,393 INFO systemd:Stopped target Paths.
12:47:40,393 INFO systemd:Stopped Create Volatile Files and Directories.
12:47:40,396 INFO systemd:Stopped target Local File Systems.
12:47:40,397 INFO systemd:Stopped target Local File Systems (Pre).
12:47:40,397 INFO systemd:Stopped target Sockets.
12:47:40,406 INFO systemd:Stopped Open-iSCSI.
12:47:40,408 INFO systemd:Started Cleaning Up and Shutting Down Daemons.
12:47:40,410 INFO systemd:Stopping Device-Mapper Multipath Device Controller...
12:47:40,416 INFO systemd:Stopping iSCSI UserSpace I/O driver...
12:47:40,416 INFO systemd:Closed Open-iSCSI iscsid Socket.
12:47:40,417 INFO systemd:Started Setup Virtual Console.
12:47:40,421 INFO systemd:Stopped iSCSI UserSpace I/O driver.
12:47:40,422 INFO systemd:Started Plymouth switch root service.
12:47:40,422 INFO systemd:Closed Open-iSCSI iscsiuio Socket.
12:47:40,437 INFO multipathd:ok
12:47:40,444 INFO multipathd:--------shut down-------
12:47:40,447 INFO systemd:Stopped Device-Mapper Multipath Device Controller.
12:47:40,447 INFO systemd:Stopped udev Wait for Complete Device Initialization.
12:47:40,447 INFO systemd:Stopped udev Coldplug all Devices.
12:47:40,447 INFO systemd:Stopped dracut pre-trigger hook.
12:47:40,447 INFO systemd:Stopping udev Kernel Device Manager...
12:47:40,452 INFO systemd:Stopped udev Kernel Device Manager.
12:47:40,452 INFO systemd:Stopped dracut pre-udev hook.
12:47:40,452 INFO systemd:Stopped dracut cmdline hook.
12:47:40,452 INFO systemd:Stopping Hardware RNG Entropy Gatherer Daemon...
12:47:40,452 INFO systemd:Stopped Create Static Device Nodes in /dev.
12:47:40,453 INFO systemd:Stopped Create list of required static device nodes for the current kernel.
12:47:40,454 INFO systemd:Closed udev Control Socket.
12:47:40,454 INFO systemd:Closed udev Kernel Socket.
12:47:40,455 INFO systemd:Starting Cleanup udevd DB...
12:47:40,456 INFO systemd:Stopped Hardware RNG Entropy Gatherer Daemon.
12:47:40,474 INFO systemd:Started Cleanup udevd DB.
12:47:40,474 INFO systemd:Reached target Switch Root.
12:47:40,474 INFO systemd:Starting Switch Root...
12:47:40,486 INFO systemd:Switching root.
12:47:40,501 INFO systemd-journald:Journal stopped
12:47:43,624 INFO systemd-journald:Received SIGTERM from PID 1 (systemd).
12:47:43,624 INFO kernel:printk: systemd: 24 output lines suppressed due to ratelimiting
12:47:43,624 INFO kernel:SELinux: policy capability network_peer_controls=1
12:47:43,624 INFO kernel:SELinux: policy capability open_perms=1
12:47:43,624 INFO kernel:SELinux: policy capability extended_socket_class=1
12:47:43,624 INFO kernel:SELinux: policy capability always_check_network=0
12:47:43,624 INFO kernel:SELinux: policy capability cgroup_seclabel=1
12:47:43,624 INFO kernel:SELinux: policy capability nnp_nosuid_transition=1
12:47:43,624 INFO kernel:audit: type=1403 audit(1600087661.638:2): auid=4294967295 ses=4294967295 lsm=selinux res=1
12:47:43,624 INFO systemd:Successfully loaded SELinux policy in 614.093ms.
12:47:43,624 INFO systemd:Relabelled /dev, /run and /sys/fs/cgroup in 28.215ms.
12:47:43,624 INFO systemd:systemd 239 running in system mode. (+PAM +AUDIT +SELINUX +IMA -APPARMOR +SMACK +SYSVINIT +UTMP +LIBCRYPTSETUP +GCRYPT +GNUTLS +ACL +XZ +LZ4 +SECCOMP +BLKID +ELFUTILS +KMOD +IDN2 -IDN +PCRE2 default-hierarchy=legacy)
12:47:43,624 INFO systemd:Detected virtualization oracle.
12:47:43,624 INFO systemd:Detected architecture x86-64.
12:47:43,624 INFO systemd:Stopped Switch Root.
12:47:43,624 INFO systemd:systemd-journald.service: Service has no hold-off time (RestartSec=0), scheduling restart.
12:47:43,624 INFO systemd:systemd-journald.service: Scheduled restart job, restart counter is at 1.
12:47:43,624 INFO systemd:Stopped Journal Service.
12:47:43,624 INFO systemd:Starting Journal Service...
12:47:43,624 INFO systemd:Created slice system-anaconda\x2dtmux.slice.
12:47:43,624 INFO systemd:Starting Create list of required static device nodes for the current kernel...
12:47:43,624 INFO systemd-journald:Journal started
12:47:43,624 INFO systemd-journald:Runtime journal (/run/log/journal/29a73b67957744eba7491dcecbf54d50) is 6.1M, max 48.9M, 42.8M free.
12:47:43,625 INFO systemd-tmpfiles:[/usr/lib/tmpfiles.d/subscription-manager.conf:1] Line references path below legacy directory /var/run/, updating /var/run/rhsm â†’ /run/rhsm; please update the tmpfiles.d/ drop-in file accordingly.
12:47:43,626 INFO systemd:Starting Flush Journal to Persistent Storage...
12:47:43,645 INFO systemd-journald:Runtime journal (/run/log/journal/29a73b67957744eba7491dcecbf54d50) is 6.1M, max 48.9M, 42.8M free.
12:47:43,650 INFO systemd:Started Flush Journal to Persistent Storage.
12:47:43,941 INFO systemd:Started udev Kernel Device Manager.
12:47:44,088 INFO systemd-udevd:ctx=0x555ab7eb3a40 path=/lib/modules/4.18.0-193.el8.x86_64/kernel/sound/pci/ac97/snd-ac97-codec.ko.xz error=No such file or directory
12:47:44,110 INFO kernel:piix4_smbus 0000:00:07.0: SMBus Host Controller at 0x4100, revision 0
12:47:44,140 INFO kernel:input: PC Speaker as /devices/platform/pcspkr/input/input6
12:47:44,152 INFO systemd-udevd:link_config: autonegotiation is unset or enabled, the speed and duplex are not writable.
12:47:44,177 INFO kernel:RAPL PMU: API unit is 2^-32 Joules, 0 fixed counters, 10737418240 ms ovfl timer
12:47:44,234 INFO systemd-udevd:link_config: autonegotiation is unset or enabled, the speed and duplex are not writable.
12:47:44,385 INFO kernel:intel_pmc_core intel_pmc_core.0: initialized
12:47:44,687 INFO systemd:Started udev Wait for Complete Device Initialization.
12:47:44,687 INFO systemd:Starting Device-Mapper Multipath Device Controller...
12:47:44,795 INFO multipathd:--------start up--------
12:47:44,795 INFO multipathd:read /etc/multipath.conf
12:47:44,799 INFO multipathd:path checkers start up
12:47:44,808 INFO systemd:Started Device-Mapper Multipath Device Controller.
12:47:44,809 INFO systemd:Reached target Local File Systems (Pre).
12:47:44,809 INFO systemd:Reached target Local File Systems.
12:47:44,809 INFO systemd:Starting Rebuild Dynamic Linker Cache...
12:47:44,810 INFO systemd:Starting Rebuild Journal Catalog...
12:47:44,810 INFO systemd:Starting Import network configuration from initramfs...
12:47:44,811 INFO systemd:Starting Tell Plymouth To Write Out Runtime Data...
12:47:44,876 INFO systemd:Started Tell Plymouth To Write Out Runtime Data.
12:47:45,177 INFO systemd:Started Rebuild Journal Catalog.
12:47:46,400 INFO systemd:Started Import network configuration from initramfs.
12:47:46,400 INFO systemd:Starting Create Volatile Files and Directories...
12:47:46,613 INFO systemd:Started Rebuild Dynamic Linker Cache.
12:47:46,614 INFO systemd:Starting Update is Completed...
12:47:46,614 INFO systemd-tmpfiles:[/usr/lib/tmpfiles.d/subscription-manager.conf:1] Line references path below legacy directory /var/run/, updating /var/run/rhsm â†’ /run/rhsm; please update the tmpfiles.d/ drop-in file accordingly.
12:47:46,645 INFO systemd:Started Update is Completed.
12:47:46,660 INFO systemd:Started Create Volatile Files and Directories.
12:47:46,660 INFO systemd:Starting Update UTMP about System Boot/Shutdown...
12:47:46,671 INFO systemd:Started Update UTMP about System Boot/Shutdown.
12:47:46,671 INFO systemd:Reached target System Initialization.
12:47:46,671 INFO systemd:Listening on Open-iSCSI iscsid Socket.
12:47:46,672 INFO systemd:Started Daily Cleanup of Temporary Directories.
12:47:46,672 INFO systemd:Reached target Timers.
12:47:46,672 INFO systemd:Listening on D-Bus System Message Bus Socket.
12:47:46,673 INFO systemd:Listening on Open-iSCSI iscsiuio Socket.
12:47:46,673 INFO systemd:Reached target Sockets.
12:47:46,673 INFO systemd:Reached target Basic System.
12:47:46,673 INFO systemd:Starting Service enabling compressing RAM with zRam...
12:47:46,674 INFO systemd:Starting pre-anaconda logging service...
12:47:46,675 INFO systemd:Starting OpenSSH rsa Server Key Generation...
12:47:46,675 INFO systemd:Starting OpenSSH ecdsa Server Key Generation...
12:47:46,677 INFO systemd:Starting Anaconda NetworkManager configuration...
12:47:46,678 INFO systemd:Starting Hardware RNG Entropy Gatherer Wake threshold service...
12:47:46,678 INFO systemd:Starting Terminate Plymouth Boot Screen...
12:47:46,686 INFO zramswapon:+ MAX_RAM_ON=2097152
12:47:46,695 INFO systemd:Starting OpenSSH ed25519 Server Key Generation...
12:47:46,696 INFO systemd:Starting Hold until boot process finishes up...
12:47:46,712 INFO zramswapon:++ grep MemTotal /proc/meminfo
12:47:46,713 INFO zramswapon:++ grep -E --only-matching '[[:digit:]]+'
12:47:46,714 INFO zramswapon:+ mem_total_kb=1002736
12:47:46,714 INFO zramswapon:+ grep -E 'inst\.zram=(on|1)' /proc/cmdline
12:47:46,717 INFO systemd:Starting Login Service...
12:47:46,718 INFO systemd:Started Anaconda NetworkManager configuration.
12:47:46,718 INFO systemd:Received SIGRTMIN+21 from PID 880 (plymouthd).
12:47:46,729 INFO zramswapon:+ force=1
12:47:46,730 INFO zramswapon:+ '[' '(' 1002736 -gt 2097152 ')' -a '(' 1 '!=' 0 ')' ']'
12:47:46,743 INFO zramswapon:++ getconf _NPROCESSORS_ONLN
12:47:46,744 INFO systemd:Starting Network Manager...
12:47:46,745 INFO systemd:Started pre-anaconda logging service.
12:47:46,779 INFO zramswapon:+ num_cpus=1
12:47:46,779 INFO zramswapon:+ modprobe zram
12:47:46,816 INFO systemd:Started Hardware RNG Entropy Gatherer Wake threshold service.
12:47:46,816 INFO systemd:Started Terminate Plymouth Boot Screen.
12:47:46,829 INFO systemd:Started Hold until boot process finishes up.
12:47:46,862 INFO systemd:Started Hardware RNG Entropy Gatherer Daemon.
12:47:46,867 INFO kernel:zram: Added device: zram0
12:47:46,867 INFO kernel:zram0: detected capacity change from 0 to 1026801664
12:47:46,867 INFO zramswapon:+ echo 1
12:47:46,867 INFO zramswapon:+ echo 1002736K
12:47:46,867 INFO zramswapon:+ mkswap /dev/zram0
12:47:46,911 INFO systemd:Started D-Bus System Message Bus.
12:47:46,933 INFO zramswapon:Setting up swapspace version 1, size = 979.2 MiB (1026797568 bytes)
12:47:46,933 INFO zramswapon:no label, UUID=39764b8e-a48a-448b-8b8f-cb6fba38c302
12:47:46,934 INFO zramswapon:+ swapon -p 100 /dev/zram0
12:47:46,950 INFO zramswapon:+ '[' 1002736 -le 1048576 ']'
12:47:46,950 INFO zramswapon:+ mount -o remount,size=512M /tmp
12:47:46,950 INFO kernel:Adding 1002732k swap on /dev/zram0. Priority:100 extents:1 across:1002732k SSFS
12:47:46,974 INFO zramswapon:+ exit 0
12:47:47,103 INFO systemd:Started Service enabling compressing RAM with zRam.
12:47:47,103 INFO systemd:Started OpenSSH ecdsa Server Key Generation.
12:47:47,138 INFO rngd:Initializing available sources
12:47:47,139 INFO systemd:Started OpenSSH ed25519 Server Key Generation.
12:47:47,139 INFO rngd:Failed to init entropy source hwrng
12:47:47,139 INFO rngd:Enabling RDSEED rng support
12:47:47,139 INFO rngd:Initializing entropy source rdrand
12:47:47,174 INFO NetworkManager:<debug> [1600087667.1748] monotonic timestamp started counting 1.874418212 seconds ago with an offset of 394.0 seconds to CLOCK_BOOTTIME (local time is 2020-09-14 12:47:47)
12:47:47,175 INFO NetworkManager:<info> [1600087667.1752] NetworkManager (version 1.22.8-4.el8) is starting... (for the first time)
12:47:47,175 INFO NetworkManager:<info> [1600087667.1752] Read config: /etc/NetworkManager/NetworkManager.conf (etc: 80-anaconda-no-ibft.conf, 90-anaconda-no-auto-default.conf, 91-anaconda-autoconnect-slaves.conf, 92-anaconda-loglevel-debug.conf)
12:47:47,175 INFO NetworkManager:<debug> [1600087667.1753] CONFIG: config-data[0x56024a84b840]: 3 groups
12:47:47,175 INFO NetworkManager:<debug> [1600087667.1753] CONFIG:
12:47:47,175 INFO NetworkManager:<debug> [1600087667.1754] CONFIG: [main]
12:47:47,175 INFO NetworkManager:<debug> [1600087667.1754] CONFIG: plugins=ifcfg-rh,no-ibft
12:47:47,175 INFO NetworkManager:<debug> [1600087667.1755] CONFIG: no-auto-default=*
12:47:47,175 INFO NetworkManager:<debug> [1600087667.1755] CONFIG:
12:47:47,175 INFO NetworkManager:<debug> [1600087667.1756] CONFIG: [logging]
12:47:47,175 INFO NetworkManager:<debug> [1600087667.1756] CONFIG: level=DEBUG
12:47:47,175 INFO NetworkManager:<debug> [1600087667.1757] CONFIG:
12:47:47,175 INFO NetworkManager:<debug> [1600087667.1757] CONFIG: [connection]
12:47:47,175 INFO NetworkManager:<debug> [1600087667.1758] CONFIG: connection.autoconnect-slaves=1
12:47:47,175 INFO NetworkManager:<debug> [1600087667.1759] CONFIG:
12:47:47,175 INFO NetworkManager:<debug> [1600087667.1759] CONFIG: # no-auto-default file "/var/lib/NetworkManager/no-auto-default.state"
12:47:47,176 INFO NetworkManager:<debug> [1600087667.1760] config: state: missing state file "/var/lib/NetworkManager/NetworkManager.state": No such file or directory
12:47:47,176 INFO NetworkManager:<debug> [1600087667.1761] WEXT support is disabled
12:47:47,186 INFO NetworkManager:<debug> [1600087667.1867] create NMDBusManager singleton (5eb47a878c00d03b)
12:47:47,191 INFO systemd:Started Network Manager.
12:47:47,191 INFO systemd:Reached target Network.
12:47:47,191 INFO systemd:Starting RHSM dbus service...
12:47:47,191 INFO systemd:Starting Network Manager Wait Online...
12:47:47,192 INFO NetworkManager:<info> [1600087667.1925] bus-manager: acquired D-Bus service "org.freedesktop.NetworkManager"
12:47:47,192 INFO NetworkManager:<debug> [1600087667.1926] netns[0x56024a861b60]: new netns (net:8, mnt:9)
12:47:47,193 INFO NetworkManager:<debug> [1600087667.1933] platform-linux: create (ignore netns, initial netns, use udev)
12:47:47,194 INFO NetworkManager:<debug> [1600087667.1944] platform-linux: Netlink socket for events established: port=1583, fd=12
12:47:47,201 INFO NetworkManager:<debug> [1600087667.2012] platform-linux: populate platform cache
12:47:47,206 INFO NetworkManager:<debug> [1600087667.2068] platform: kernel-support for USER_IPV6LL (IFLA_INET6_ADDR_GEN_MODE support) detected: supported
12:47:47,210 INFO NetworkManager:<debug> [1600087667.2109] platform: (lo) signal: link added: 1: lo <UP,LOWER_UP;loopback,up,running,lowerup> mtu 65536 arp 772 loopback? not-init addrgenmode eui64 addr 00:00:00:00:00:00 brd 00:00:00:00:00:00 driver unknown rx:6,416 tx:6,416
12:47:47,212 INFO NetworkManager:<debug> [1600087667.2120] platform: (enp0s3) signal: link added: 2: enp0s3 <DOWN;broadcast,multicast> mtu 1500 arp 1 ethernet? not-init addrgenmode eui64 addr 08:00:27:3B:15:83 brd FF:FF:FF:FF:FF:FF driver e1000 rx:0,0 tx:0,0
12:47:47,217 INFO NetworkManager:<debug> [1600087667.2171] platform: kernel-support for EXTENDED_IFA_FLAGS (IPv6 temporary addresses support) detected: supported
12:47:47,217 INFO NetworkManager:<debug> [1600087667.2172] platform: (lo) signal: address 4 added: 127.0.0.1/8 lft forever pref forever lifetime 1-0[4294967295,4294967295] dev 1 flags permanent src kernel
12:47:47,217 INFO NetworkManager:<debug> [1600087667.2178] platform: (lo) signal: address 6 added: ::1/128 lft forever pref forever lifetime 1-0[4294967295,4294967295] dev 1 flags permanent src kernel
12:47:47,217 INFO NetworkManager:<debug> [1600087667.2179] platform: kernel-support for RTA_PREF (ability to set router preference for IPv6 routes) detected: supported
12:47:47,218 INFO NetworkManager:<debug> [1600087667.2181] platform: (lo) signal: route 6 added: ::1/128 via :: dev 1 metric 256 mss 0 rt-src rt-kernel
12:47:47,218 INFO NetworkManager:<debug> [1600087667.2182] platform: kernel-support for FRA_PROTOCOL (FRA_PROTOCOL attribute for policy routing rules) detected: supported
12:47:47,218 INFO NetworkManager:<debug> [1600087667.2183] platform: kernel-support for FRA_UID_RANGE (FRA_UID_RANGE attribute for policy routing rules) not detected: assume supported
12:47:47,218 INFO NetworkManager:<debug> [1600087667.2184] platform: kernel-support for FRA_L3MDEV (FRA_L3MDEV attribute for policy routing rules) not detected: assume supported
12:47:47,218 INFO NetworkManager:<debug> [1600087667.2184] platform: kernel-support for FRA_IP_PROTO (FRA_IP_PROTO, FRA_SPORT_RANGE, FRA_DPORT_RANGE attributes for policy routing rules) not detected: assume supported
12:47:47,218 INFO NetworkManager:<debug> [1600087667.2185] platform: signal: rt-rule added: [4] 0: from all lookup 255 protocol 2
12:47:47,218 INFO NetworkManager:<debug> [1600087667.2186] platform: signal: rt-rule added: [4] 32766: from all lookup 254 protocol 2
12:47:47,218 INFO NetworkManager:<debug> [1600087667.2187] platform: signal: rt-rule added: [4] 32767: from all lookup 253 protocol 2
12:47:47,218 INFO NetworkManager:<debug> [1600087667.2188] platform: signal: rt-rule added: [6] 0: from all lookup 255 protocol 2
12:47:47,222 INFO NetworkManager:<debug> [1600087667.2189] platform: signal: rt-rule added: [6] 32766: from all lookup 254 protocol 2
12:47:47,222 INFO NetworkManager:<debug> [1600087667.2225] platform: (lo) signal: qdisc added: noqueue dev 1 family 0 handle 0 parent ffffffff info 2
12:47:47,254 INFO NetworkManager:<debug> [1600087667.2546] platform: (enp0s3) signal: link changed: 2: enp0s3 <DOWN;broadcast,multicast> mtu 1500 arp 1 ethernet? init addrgenmode eui64 addr 08:00:27:3B:15:83 brd FF:FF:FF:FF:FF:FF driver e1000 rx:0,0 tx:0,0
12:47:47,264 INFO NetworkManager:<debug> [1600087667.2644] platform: (lo) signal: link changed: 1: lo <UP,LOWER_UP;loopback,up,running,lowerup> mtu 65536 arp 772 loopback? init addrgenmode eui64 addr 00:00:00:00:00:00 brd 00:00:00:00:00:00 driver unknown rx:6,416 tx:6,416
12:47:47,270 INFO NetworkManager:<debug> [1600087667.2703] setup NMPlatform singleton (4557077f1167c7ae)
12:47:47,273 INFO NetworkManager:<debug> [1600087667.2736] rules-manager: routing-rule: track [9c291647488cce97,0] "[4] 0: from all lookup 255 protocol 2")
12:47:47,274 INFO NetworkManager:<debug> [1600087667.2748] rules-manager: routing-rule: track [9c291647488cce97,0] "[4] 32766: from all lookup 254 protocol 2")
12:47:47,275 INFO NetworkManager:<debug> [1600087667.2749] rules-manager: routing-rule: track [9c291647488cce97,0] "[4] 32767: from all lookup 253 protocol 2")
12:47:47,275 INFO NetworkManager:<debug> [1600087667.2751] rules-manager: routing-rule: track [9c291647488cce97,0] "[6] 0: from all lookup 255 protocol 2")
12:47:47,275 INFO NetworkManager:<debug> [1600087667.2753] rules-manager: routing-rule: track [9c291647488cce97,0] "[6] 32766: from all lookup 254 protocol 2")
12:47:47,275 INFO NetworkManager:<debug> [1600087667.2754] rules-manager: routing-rule: track [19868ca1f3564516,0] "[4] 0: from all lookup 255 protocol 2")
12:47:47,275 INFO NetworkManager:<debug> [1600087667.2754] rules-manager: routing-rule: track [19868ca1f3564516,0] "[4] 32766: from all lookup 254 protocol 2")
12:47:47,280 INFO NetworkManager:<debug> [1600087667.2806] rules-manager: routing-rule: track [19868ca1f3564516,0] "[4] 32767: from all lookup 253 protocol 2")
12:47:47,280 INFO NetworkManager:<debug> [1600087667.2807] rules-manager: routing-rule: track [19868ca1f3564516,0] "[6] 0: from all lookup 255 protocol 2")
12:47:47,281 INFO NetworkManager:<debug> [1600087667.2815] rules-manager: routing-rule: track [19868ca1f3564516,0] "[6] 32766: from all lookup 254 protocol 2")
12:47:47,285 INFO NetworkManager:<debug> [1600087667.2856] create NMNetns singleton (107c104acd14f9fb)
12:47:47,301 INFO NetworkManager:<debug> [1600087667.3010] auth[0x56024a84c5e0]: create auth-manager: polkit enabled
12:47:47,301 INFO NetworkManager:<debug> [1600087667.3013] auth[0x56024a84c5e0]: set instance
12:47:47,301 INFO NetworkManager:<debug> [1600087667.3014] setup NMAuthManager singleton (0a0409695222f022)
12:47:47,338 INFO NetworkManager:<info> [1600087667.3387] manager[0x56024a871090]: monitoring kernel firmware directory '/lib/firmware'.
12:47:47,345 INFO NetworkManager:<debug> [1600087667.3450] session-monitor: using systemd-logind session tracking
12:47:47,345 INFO NetworkManager:<debug> [1600087667.3452] create NMSessionMonitor singleton (09b0d3ffd30911d1)
12:47:47,345 INFO NetworkManager:<debug> [1600087667.3453] create NMAgentManager singleton (2b7771013e24d3d4)
12:47:47,357 INFO dbus-daemon:[system] Activating via systemd: service name='org.freedesktop.hostname1' unit='dbus-org.freedesktop.hostname1.service' requested by ':1.2' (uid=0 pid=1583 comm="/usr/sbin/NetworkManager --no-daemon " label="system_u:system_r:kernel_t:s0")
12:47:47,359 INFO systemd:Starting Hostname Service...
12:47:49,924 INFO systemd-logind:New seat seat0.
12:47:49,950 INFO systemd-logind:Watching system buttons on /dev/input/event0 (Power Button)
12:47:49,953 INFO systemd-logind:Watching system buttons on /dev/input/event1 (Sleep Button)
12:47:49,958 INFO systemd-logind:Watching system buttons on /dev/input/event2 (AT Translated Set 2 keyboard)
12:47:49,960 INFO systemd:Started Login Service.
12:47:50,158 INFO dbus-daemon:[system] Successfully activated service 'org.freedesktop.hostname1'
12:47:50,159 INFO systemd:Started Hostname Service.
12:47:50,161 INFO NetworkManager:<info> [1600087670.1604] hostname: hostname: using hostnamed
12:47:50,161 INFO NetworkManager:<debug> [1600087670.1604] create NMHostnameManager singleton (bef2c9ebc7f3e28d)
12:47:50,161 INFO NetworkManager:<debug> [1600087670.1606] create NMFirewallManager singleton (2405d49f91aa0727)
12:47:50,161 INFO NetworkManager:<info> [1600087670.1606] dns-mgr[0x56024a855250]: init: dns=default,systemd-resolved rc-manager=symlink
12:47:50,161 INFO NetworkManager:<debug> [1600087670.1607] create NMDnsManager singleton (24a3089c9d27b7a5)
12:47:50,161 INFO NetworkManager:<debug> [1600087670.1607] policy: hostname-mode: full
12:47:50,161 INFO NetworkManager:<debug> [1600087670.1609] setup NMManager singleton (c15f79648fcbc713)
12:47:50,166 INFO NetworkManager:<debug> [1600087670.1624] create NMConnectivity singleton (eefeef63b1faefc6)
12:47:50,167 INFO NetworkManager:<debug> [1600087670.1677] Loaded device plugin: NM6LowpanDeviceFactory (internal)
12:47:50,168 INFO NetworkManager:<debug> [1600087670.1677] Loaded device plugin: NMBondDeviceFactory (internal)
12:47:50,168 INFO NetworkManager:<debug> [1600087670.1677] Loaded device plugin: NMBridgeDeviceFactory (internal)
12:47:50,168 INFO NetworkManager:<debug> [1600087670.1677] Loaded device plugin: NMDummyDeviceFactory (internal)
12:47:50,168 INFO NetworkManager:<debug> [1600087670.1677] Loaded device plugin: NMEthernetDeviceFactory (internal)
12:47:50,168 INFO NetworkManager:<debug> [1600087670.1677] Loaded device plugin: NMInfinibandDeviceFactory (internal)
12:47:50,168 INFO NetworkManager:<debug> [1600087670.1678] Loaded device plugin: NMIPTunnelDeviceFactory (internal)
12:47:50,168 INFO NetworkManager:<debug> [1600087670.1678] Loaded device plugin: NMMacsecDeviceFactory (internal)
12:47:50,168 INFO NetworkManager:<debug> [1600087670.1678] Loaded device plugin: NMMacvlanDeviceFactory (internal)
12:47:50,168 INFO NetworkManager:<debug> [1600087670.1678] Loaded device plugin: NMPppDeviceFactory (internal)
12:47:50,168 INFO NetworkManager:<debug> [1600087670.1678] Loaded device plugin: NMTunDeviceFactory (internal)
12:47:50,168 INFO NetworkManager:<debug> [1600087670.1679] Loaded device plugin: NMVethDeviceFactory (internal)
12:47:50,168 INFO NetworkManager:<debug> [1600087670.1679] Loaded device plugin: NMVlanDeviceFactory (internal)
12:47:50,168 INFO NetworkManager:<debug> [1600087670.1679] Loaded device plugin: NMVxlanDeviceFactory (internal)
12:47:50,168 INFO NetworkManager:<debug> [1600087670.1679] Loaded device plugin: NMWireGuardDeviceFactory (internal)
12:47:50,168 INFO NetworkManager:<debug> [1600087670.1679] Loaded device plugin: NMWpanDeviceFactory (internal)
12:47:50,175 INFO NetworkManager:<info> [1600087670.1755] Loaded device plugin: NMWifiFactory (/usr/lib64/NetworkManager/1.22.8-4.el8/libnm-device-plugin-wifi.so)
12:47:50,176 INFO NetworkManager:<info> [1600087670.1767] Loaded device plugin: NMTeamFactory (/usr/lib64/NetworkManager/1.22.8-4.el8/libnm-device-plugin-team.so)
12:47:50,176 INFO NetworkManager:<info> [1600087670.1768] manager: rfkill: Wi-Fi enabled by radio killswitch; enabled by state file
12:47:50,177 INFO NetworkManager:<info> [1600087670.1772] manager: rfkill: WWAN enabled by radio killswitch; enabled by state file
12:47:50,177 INFO NetworkManager:<info> [1600087670.1776] manager: Networking is enabled by state file
12:47:50,177 INFO NetworkManager:<debug> [1600087670.1776] dispatcher: (1) dispatching action 'hostname'
12:47:50,180 INFO dbus-daemon:[system] Activating via systemd: service name='org.freedesktop.nm_dispatcher' unit='dbus-org.freedesktop.nm-dispatcher.service' requested by ':1.2' (uid=0 pid=1583 comm="/usr/sbin/NetworkManager --no-daemon " label="system_u:system_r:kernel_t:s0")
12:47:50,180 INFO systemd:Starting Network Manager Script Dispatcher Service...
12:47:50,181 INFO NetworkManager:<debug> [1600087670.1814] dhcp-init: enabled DHCP client 'dhclient'
12:47:50,181 INFO NetworkManager:<debug> [1600087670.1815] dhcp-init: enabled DHCP client 'internal'
12:47:50,181 INFO NetworkManager:<debug> [1600087670.1816] dhcp-init: enabled DHCP client 'systemd' (undocumented internal plugin)
12:47:50,181 INFO NetworkManager:<debug> [1600087670.1816] dhcp-init: enabled DHCP client 'nettools' (undocumented internal plugin)
12:47:50,181 INFO NetworkManager:<info> [1600087670.1817] dhcp-init: Using DHCP client 'internal'
12:47:50,181 INFO NetworkManager:<debug> [1600087670.1817] create NMDhcpManager singleton (4f11ead95c0eea3a)
12:47:50,189 INFO NetworkManager:<info> [1600087670.1894] settings: Loaded settings plugin: ifcfg-rh ("/usr/lib64/NetworkManager/1.22.8-4.el8/libnm-settings-plugin-ifcfg-rh.so")
12:47:50,189 INFO NetworkManager:<warn> [1600087670.1895] settings: skipping deprecated plugin no-ibft
12:47:50,189 INFO NetworkManager:<info> [1600087670.1896] settings: Loaded settings plugin: keyfile (internal)
12:47:50,194 INFO NetworkManager:<debug> [1600087670.1941] device[6241728f704c3399] (lo): unmanaged: flags set to [platform-init,by-default=0x110/0x110/unmanaged/unrealized], set-unmanaged [by-default=0x100])
12:47:50,194 INFO NetworkManager:<debug> [1600087670.1942] device[6241728f704c3399] (lo): constructed (NMDeviceGeneric)
12:47:50,194 INFO NetworkManager:<debug> [1600087670.1944] device[6241728f704c3399] (lo): start setup of NMDeviceGeneric, kernel ifindex 1
12:47:50,194 INFO NetworkManager:<debug> [1600087670.1945] device[6241728f704c3399] (lo): assume-state: set guess-assume=1, connection=(null)
12:47:50,195 INFO NetworkManager:<debug> [1600087670.1951] platform-linux: error reading net:/sys/class/net/lo/phys_port_id: error reading 4096 bytes from file descriptor: Operation not supported
12:47:50,195 INFO NetworkManager:<debug> [1600087670.1954] platform-linux: sysctl: reading 'net:/sys/class/net/lo/dev_id': '0x0'
12:47:50,196 INFO NetworkManager:<debug> [1600087670.1961] platform-linux: error reading net:/sys/class/net/lo/device/sriov_totalvfs: Failed to open file "device/sriov_totalvfs" with openat: No such file or directory
12:47:50,196 INFO NetworkManager:<debug> [1600087670.1963] device[6241728f704c3399] (lo): hw-addr: hardware address now 00:00:00:00:00:00
12:47:50,196 INFO NetworkManager:<debug> [1600087670.1964] device[6241728f704c3399] (lo): hw-addr: update initial MAC address 00:00:00:00:00:00
12:47:50,196 INFO NetworkManager:<debug> [1600087670.1965] device[6241728f704c3399] (lo): hw-addr: unable to read permanent MAC address (use current: 00:00:00:00:00:00)
12:47:50,196 INFO NetworkManager:<info> [1600087670.1966] device (lo): carrier: link connected
12:47:50,196 INFO NetworkManager:<debug> [1600087670.1967] device[6241728f704c3399] (lo): unmanaged: flags set to [platform-init,by-default,!external-down=0x110/0x910/unmanaged/unrealized], set-managed [external-down=0x800])
12:47:50,197 INFO NetworkManager:<debug> [1600087670.1970] device[6241728f704c3399] (lo): unmanaged: flags set to [by-type,platform-init,by-default,!external-down=0x118/0x918/unmanaged/unrealized], set-unmanaged [by-type=0x8])
12:47:50,197 INFO NetworkManager:<debug> [1600087670.1971] device[6241728f704c3399] (lo): unmanaged: flags set to [by-type,platform-init,by-default,!user-settings,!external-down=0x118/0x958/unmanaged/unrealized], set-managed [user-settings=0x40])
12:47:50,197 INFO NetworkManager:<debug> [1600087670.1972] device[6241728f704c3399] (lo): unmanaged: flags set to [by-type,by-default,!platform-init,!user-settings,!external-down=0x108/0x958/unmanaged/unrealized], set-managed [platform-init=0x10])
12:47:50,197 INFO NetworkManager:<debug> [1600087670.1973] device[6241728f704c3399] (lo): unmanaged: flags set to [by-type,by-default,!sleeping,!platform-init,!user-settings,!external-down=0x108/0x959/unmanaged/unrealized], set-managed [sleeping=0x1])
12:47:50,202 INFO NetworkManager:<info> [1600087670.2024] manager: (lo): new Generic device (/org/freedesktop/NetworkManager/Devices/1)
12:47:50,208 INFO NetworkManager:<debug> [1600087670.2084] device[6241728f704c3399] (lo): assume-state: set guess-assume=0, connection=(null)
12:47:50,208 INFO NetworkManager:<debug> [1600087670.2086] device[83ae43d399266700] (enp0s3): constructed (NMDeviceEthernet)
12:47:50,208 INFO NetworkManager:<debug> [1600087670.2088] device[83ae43d399266700] (enp0s3): start setup of NMDeviceEthernet, kernel ifindex 2
12:47:50,208 INFO NetworkManager:<debug> [1600087670.2089] device[83ae43d399266700] (enp0s3): assume-state: set guess-assume=1, connection=(null)
12:47:50,209 INFO NetworkManager:<debug> [1600087670.2090] platform-linux: error reading net:/sys/class/net/enp0s3/phys_port_id: error reading 4096 bytes from file descriptor: Operation not supported
12:47:50,209 INFO NetworkManager:<debug> [1600087670.2091] platform-linux: sysctl: reading 'net:/sys/class/net/enp0s3/dev_id': '0x0'
12:47:50,210 INFO NetworkManager:<debug> [1600087670.2104] platform-linux: error reading net:/sys/class/net/enp0s3/device/sriov_totalvfs: Failed to open file "device/sriov_totalvfs" with openat: No such file or directory
12:47:50,210 INFO NetworkManager:<debug> [1600087670.2105] device[83ae43d399266700] (enp0s3): hw-addr: hardware address now 08:00:27:3B:15:83
12:47:50,210 INFO NetworkManager:<debug> [1600087670.2106] device[83ae43d399266700] (enp0s3): hw-addr: update initial MAC address 08:00:27:3B:15:83
12:47:50,211 INFO NetworkManager:<debug> [1600087670.2113] device[83ae43d399266700] (enp0s3): hw-addr: read permanent MAC address '08:00:27:3B:15:83'
12:47:50,211 INFO NetworkManager:<debug> [1600087670.2115] device[83ae43d399266700] (enp0s3): unmanaged: flags set to [platform-init,!by-type=0x10/0x18/unmanaged/unrealized], set-managed [by-type=0x8])
12:47:50,211 INFO NetworkManager:<debug> [1600087670.2116] device[83ae43d399266700] (enp0s3): unmanaged: flags set to [platform-init,!by-type,!user-settings=0x10/0x58/unmanaged/unrealized], set-managed [user-settings=0x40])
12:47:50,211 INFO NetworkManager:<debug> [1600087670.2117] device[83ae43d399266700] (enp0s3): unmanaged: flags set to [!by-type,!platform-init,!user-settings=0x0/0x58/managed/unrealized], set-managed [platform-init=0x10])
12:47:50,211 INFO NetworkManager:<debug> [1600087670.2118] device[83ae43d399266700] (enp0s3): unmanaged: flags set to [!sleeping,!by-type,!platform-init,!user-settings=0x0/0x59/managed/unrealized], set-managed [sleeping=0x1])
12:47:50,213 INFO NetworkManager:<info> [1600087670.2136] manager: (enp0s3): new Ethernet device (/org/freedesktop/NetworkManager/Devices/2)
12:47:50,217 INFO NetworkManager:<debug> [1600087670.2170] device[83ae43d399266700] (enp0s3): ip4-config: update (commit=0, new-config=0x56024a881260)
12:47:50,218 INFO NetworkManager:<debug> [1600087670.2181] device[83ae43d399266700] (enp0s3): ip4-config: set IP Config instance (/org/freedesktop/NetworkManager/IP4Config/1)
12:47:50,218 INFO NetworkManager:<debug> [1600087670.2185] dns-mgr: (device_ip_config_changed): queueing DNS updates (1)
12:47:50,218 INFO NetworkManager:<debug> [1600087670.2187] dns-mgr: (device_ip_config_changed): DNS configuration did not change
12:47:50,218 INFO NetworkManager:<debug> [1600087670.2188] dns-mgr: (device_ip_config_changed): no DNS changes to commit (0)
12:47:50,219 INFO NetworkManager:<debug> [1600087670.2190] platform-linux: sysctl: reading '/proc/sys/net/ipv6/conf/enp0s3/disable_ipv6': '0'
12:47:50,221 INFO NetworkManager:<debug> [1600087670.2213] device[83ae43d399266700] (enp0s3): ip6-config: update (commit=0, new-config=0x56024a866390)
12:47:50,222 INFO NetworkManager:<debug> [1600087670.2225] device[83ae43d399266700] (enp0s3): ip6-config: set IP Config instance (/org/freedesktop/NetworkManager/IP6Config/1)
12:47:50,223 INFO NetworkManager:<debug> [1600087670.2230] dns-mgr: (device_ip_config_changed): queueing DNS updates (1)
12:47:50,223 INFO NetworkManager:<debug> [1600087670.2231] dns-mgr: (device_ip_config_changed): DNS configuration did not change
12:47:50,223 INFO NetworkManager:<debug> [1600087670.2232] dns-mgr: (device_ip_config_changed): no DNS changes to commit (0)
12:47:50,223 INFO NetworkManager:<debug> [1600087670.2233] device[83ae43d399266700] (enp0s3): assume-state: set guess-assume=0, connection=(null)
12:47:50,224 INFO NetworkManager:<debug> [1600087670.2242] manager: (enp0s3): assume: cannot generate connection: device has no existing configuration
12:47:50,224 INFO NetworkManager:<info> [1600087670.2243] device (enp0s3): state change: unmanaged -> unavailable (reason 'managed', sys-iface-state: 'external')
12:47:50,224 INFO NetworkManager:<debug> [1600087670.2243] device[83ae43d399266700] (enp0s3): add_pending_action (1): 'in-state-change'
12:47:50,224 INFO NetworkManager:<debug> [1600087670.2244] platform-linux: sysctl: reading '/proc/sys/net/ipv6/conf/enp0s3/accept_ra': '1'
12:47:50,224 INFO NetworkManager:<debug> [1600087670.2246] platform-linux: sysctl: reading '/proc/sys/net/ipv6/conf/enp0s3/forwarding': '0'
12:47:50,224 INFO NetworkManager:<debug> [1600087670.2247] platform-linux: sysctl: reading '/proc/sys/net/ipv6/conf/enp0s3/hop_limit': '64'
12:47:50,224 INFO NetworkManager:<debug> [1600087670.2248] platform-linux: sysctl: reading '/proc/sys/net/ipv6/conf/enp0s3/use_tempaddr': '0'
12:47:50,224 INFO NetworkManager:<debug> [1600087670.2249] device[83ae43d399266700] (enp0s3): will enable userland IPv6LL
12:47:50,225 INFO NetworkManager:<debug> [1600087670.2250] platform-linux: link: change 2: user-ipv6ll: set IPv6 address generation mode to none
12:47:50,225 INFO NetworkManager:<debug> [1600087670.2250] platform-linux: do-request-link: 2
12:47:50,225 INFO NetworkManager:<debug> [1600087670.2252] platform: (enp0s3) signal: link changed: 2: enp0s3 <DOWN;broadcast,multicast> mtu 1500 arp 1 ethernet? init addrgenmode none addr 08:00:27:3B:15:83 brd FF:FF:FF:FF:FF:FF driver e1000 rx:0,0 tx:0,0
12:47:50,225 INFO NetworkManager:<debug> [1600087670.2253] device[83ae43d399266700] (enp0s3): queued link change for ifindex 2
12:47:50,225 INFO NetworkManager:<debug> [1600087670.2254] platform-linux: do-change-link[2]: success changing link: success
12:47:50,225 INFO NetworkManager:<debug> [1600087670.2255] platform-linux: sysctl: setting '/proc/sys/net/ipv6/conf/enp0s3/disable_ipv6' to '1' (current value is '0')
12:47:50,225 INFO NetworkManager:<debug> [1600087670.2256] platform-linux: sysctl: setting '/proc/sys/net/ipv6/conf/enp0s3/disable_ipv6' to '0' (current value is '1')
12:47:50,225 INFO NetworkManager:<debug> [1600087670.2257] platform-linux: sysctl: setting '/proc/sys/net/ipv6/conf/enp0s3/accept_ra' to '0' (current value is '1')
12:47:50,225 INFO NetworkManager:<debug> [1600087670.2258] platform-linux: sysctl: setting '/proc/sys/net/ipv6/conf/enp0s3/use_tempaddr' to '0' (current value is identical)
12:47:50,226 INFO kernel:IPv6: ADDRCONF(NETDEV_UP): enp0s3: link is not ready
12:47:50,226 INFO NetworkManager:<debug> [1600087670.2268] platform-linux: sysctl: setting '/proc/sys/net/ipv6/conf/enp0s3/forwarding' to '0' (current value is identical)
12:47:50,226 INFO NetworkManager:<debug> [1600087670.2269] device[83ae43d399266700] (enp0s3): bringing up device 2
12:47:50,227 INFO NetworkManager:<debug> [1600087670.2270] platform: (enp0s3) link: setting up
12:47:50,227 INFO NetworkManager:<debug> [1600087670.2271] platform-linux: link: change 2: flags: set 0x1/0x1 ([up] / [up])
12:47:50,230 INFO kernel:e1000: enp0s3 NIC Link is Up 1000 Mbps Full Duplex, Flow Control: RX
12:47:50,234 INFO kernel:IPv6: ADDRCONF(NETDEV_UP): enp0s3: link is not ready
12:47:50,235 INFO kernel:8021q: adding VLAN 0 to HW filter on device enp0s3
12:47:50,235 INFO kernel:IPv6: ADDRCONF(NETDEV_CHANGE): enp0s3: link becomes ready
12:47:50,237 INFO dbus-daemon:[system] Successfully activated service 'org.freedesktop.nm_dispatcher'
12:47:50,237 INFO systemd:Started Network Manager Script Dispatcher Service.
12:47:50,237 INFO nm-dispatcher:req:1 'hostname': new request (3 scripts)
12:47:50,238 INFO NetworkManager:<debug> [1600087670.2378] platform-linux: do-request-link: 2
12:47:50,239 INFO NetworkManager:<debug> [1600087670.2389] platform: (enp0s3) signal: link changed: 2: enp0s3 <UP,LOWER_UP;broadcast,multicast,up,lowerup> mtu 1500 arp 1 ethernet? init addrgenmode none addr 08:00:27:3B:15:83 brd FF:FF:FF:FF:FF:FF driver e1000 rx:0,0 tx:0,0
12:47:50,239 INFO NetworkManager:<debug> [1600087670.2391] platform: (enp0s3) signal: route 6 added: table 255 ff00::/8 via :: dev 2 metric 256 mss 0 rt-src rt-boot
12:47:50,239 INFO nm-dispatcher:req:1 'hostname': environment: PATH=/usr/local/sbin:/usr/local/bin:/usr/sbin:/usr/bin
12:47:50,239 INFO nm-dispatcher:req:1 'hostname': environment: NM_DISPATCHER_ACTION=hostname
12:47:50,239 INFO nm-dispatcher:req:1 'hostname': start running ordered scripts...
12:47:50,239 INFO NetworkManager:<debug> [1600087670.2394] platform: (enp0s3) signal: link changed: 2: enp0s3 <UP,LOWER_UP;broadcast,multicast,up,running,lowerup> mtu 1500 arp 1 ethernet? init addrgenmode none addr 08:00:27:3B:15:83 brd FF:FF:FF:FF:FF:FF driver e1000 rx:0,0 tx:0,0
12:47:50,239 INFO nm-dispatcher:req:1 'hostname', "/etc/NetworkManager/dispatcher.d/04-iscsi": run script
12:47:50,239 INFO NetworkManager:<debug> [1600087670.2396] platform-linux: do-change-link[2]: success changing link: success
12:47:50,240 INFO NetworkManager:<info> [1600087670.2405] device (enp0s3): carrier: link connected
12:47:50,240 INFO NetworkManager:<debug> [1600087670.2406] device[83ae43d399266700] (enp0s3): speed is now 1000 Mb/s
12:47:50,247 INFO NetworkManager:<debug> [1600087670.2470] device[83ae43d399266700] (enp0s3): add_pending_action (2): 'queued-state-change-disconnected'
12:47:50,247 INFO NetworkManager:<debug> [1600087670.2471] device[83ae43d399266700] (enp0s3): queue-state[disconnected, reason:carrier-changed, id:27]: queue state change
12:47:50,247 INFO NetworkManager:<debug> [1600087670.2472] device[83ae43d399266700] (enp0s3): preparing device
12:47:50,250 INFO NetworkManager:<debug> [1600087670.2509] device[83ae43d399266700] (enp0s3): queue-state[disconnected, reason:carrier-changed, id:27]: clear queued state change
12:47:50,251 INFO NetworkManager:<debug> [1600087670.2510] device[83ae43d399266700] (enp0s3): remove_pending_action (1): 'queued-state-change-disconnected'
12:47:50,251 INFO NetworkManager:<debug> [1600087670.2511] device[83ae43d399266700] (enp0s3): clearing queued IP4 config change
12:47:50,251 INFO NetworkManager:<debug> [1600087670.2515] device[83ae43d399266700] (enp0s3): clearing queued IP6 config change
12:47:50,251 INFO NetworkManager:<debug> [1600087670.2516] platform-linux: sysctl: setting '/proc/sys/net/ipv6/conf/enp0s3/use_tempaddr' to '0' (current value is identical)
12:47:50,255 INFO NetworkManager:<debug> [1600087670.2556] platform: (enp0s3) ip6-route: delete table 255 ff00::/8 via :: dev 2 metric 256 mss 0 rt-src rt-boot
12:47:50,255 INFO NetworkManager:<debug> [1600087670.2557] platform: (enp0s3) signal: route 6 removed: table 255 ff00::/8 via :: dev 2 metric 256 mss 0 rt-src rt-boot
12:47:50,255 INFO NetworkManager:<debug> [1600087670.2558] device[83ae43d399266700] (enp0s3): queued IP6 config change
12:47:50,256 INFO NetworkManager:<debug> [1600087670.2564] platform-linux: do-delete-ip6-route[table 255 ff00::/8 via :: dev 2 metric 256 mss 0 rt-src rt-boot]: success
12:47:50,257 INFO NetworkManager:<debug> [1600087670.2574] rules-manager: sync
12:47:50,257 INFO NetworkManager:<debug> [1600087670.2575] device[83ae43d399266700] (enp0s3): ip4-config: update (commit=1, new-config=(nil))
12:47:50,257 INFO NetworkManager:<debug> [1600087670.2576] device[83ae43d399266700] (enp0s3): ip4-config: clear IP Config instance (/org/freedesktop/NetworkManager/IP4Config/1)
12:47:50,258 INFO NetworkManager:<debug> [1600087670.2581] dns-mgr: (device_ip_config_changed): queueing DNS updates (1)
12:47:50,258 INFO NetworkManager:<debug> [1600087670.2582] dns-mgr: (device_ip_config_changed): DNS configuration did not change
12:47:50,258 INFO NetworkManager:<debug> [1600087670.2583] dns-mgr: (device_ip_config_changed): no DNS changes to commit (0)
12:47:50,258 INFO NetworkManager:<debug> [1600087670.2587] device[83ae43d399266700] (enp0s3): ip6-config: update (commit=1, new-config=(nil))
12:47:50,258 INFO NetworkManager:<debug> [1600087670.2587] device[83ae43d399266700] (enp0s3): ip6-config: clear IP Config instance (/org/freedesktop/NetworkManager/IP6Config/1)
12:47:50,259 INFO NetworkManager:<debug> [1600087670.2595] dns-mgr: (device_ip_config_changed): queueing DNS updates (1)
12:47:50,259 INFO nm-dispatcher:req:1 'hostname', "/etc/NetworkManager/dispatcher.d/04-iscsi": complete
12:47:50,259 INFO nm-dispatcher:req:1 'hostname', "/etc/NetworkManager/dispatcher.d/11-dhclient": run script
12:47:50,261 INFO NetworkManager:<debug> [1600087670.2611] dns-mgr: (device_ip_config_changed): DNS configuration did not change
12:47:50,261 INFO NetworkManager:<debug> [1600087670.2612] dns-mgr: (device_ip_config_changed): no DNS changes to commit (0)
12:47:50,264 INFO NetworkManager:<debug> [1600087670.2646] device[83ae43d399266700] (enp0s3): add_pending_action (2): 'recheck-available'
12:47:50,271 INFO NetworkManager:<debug> [1600087670.2713] device[83ae43d399266700] (enp0s3): connectivity state changed from UNKNOWN to NONE
12:47:50,271 INFO nm-dispatcher:req:1 'hostname', "/etc/NetworkManager/dispatcher.d/11-dhclient": complete
12:47:50,271 INFO nm-dispatcher:req:1 'hostname', "/etc/NetworkManager/dispatcher.d/20-chrony": run script
12:47:50,277 INFO nm-dispatcher:req:1 'hostname', "/etc/NetworkManager/dispatcher.d/20-chrony": complete
12:47:50,277 INFO nm-dispatcher:req:1 'hostname': completed (3 scripts)
12:47:50,277 INFO NetworkManager:<debug> [1600087670.2777] manager: connectivity checking indicates NONE
12:47:50,278 INFO NetworkManager:<debug> [1600087670.2783] dispatcher: (2) dispatching action 'connectivity-change'
12:47:50,280 INFO nm-dispatcher:req:2 'connectivity-change': new request (3 scripts)
12:47:50,280 INFO nm-dispatcher:req:2 'connectivity-change': environment: CONNECTIVITY_STATE=NONE
12:47:50,280 INFO nm-dispatcher:req:2 'connectivity-change': environment: PATH=/usr/local/sbin:/usr/local/bin:/usr/sbin:/usr/bin
12:47:50,280 INFO nm-dispatcher:req:2 'connectivity-change': environment: NM_DISPATCHER_ACTION=connectivity-change
12:47:50,280 INFO nm-dispatcher:req:2 'connectivity-change': start running ordered scripts...
12:47:50,280 INFO nm-dispatcher:req:2 'connectivity-change', "/etc/NetworkManager/dispatcher.d/04-iscsi": run script
12:47:50,281 INFO NetworkManager:<debug> [1600087670.2814] device[83ae43d399266700] (enp0s3): connectivity state changed from UNKNOWN to NONE
12:47:50,281 INFO NetworkManager:<debug> [1600087670.2818] device[83ae43d399266700] (enp0s3): remove_pending_action (1): 'in-state-change'
12:47:50,283 INFO NetworkManager:<debug> [1600087670.2836] create NMVpnManager singleton (454ff91f9ede9748)
12:47:50,283 INFO NetworkManager:<debug> [1600087670.2837] manager: creating virtual devices...
12:47:50,283 INFO NetworkManager:<debug> [1600087670.2838] setting up local loopback
12:47:50,283 INFO NetworkManager:<debug> [1600087670.2839] platform: (lo) link: setting up
12:47:50,284 INFO NetworkManager:<debug> [1600087670.2840] platform-linux: link: change 1: flags: set 0x1/0x1 ([up] / [up])
12:47:50,284 INFO NetworkManager:<debug> [1600087670.2840] platform-linux: do-request-link: 1
12:47:50,284 INFO NetworkManager:<debug> [1600087670.2842] platform-linux: do-change-link[1]: success changing link: success
12:47:50,285 INFO nm-dispatcher:req:2 'connectivity-change', "/etc/NetworkManager/dispatcher.d/04-iscsi": complete
12:47:50,285 INFO nm-dispatcher:req:2 'connectivity-change', "/etc/NetworkManager/dispatcher.d/11-dhclient": run script
12:47:50,289 INFO NetworkManager:<debug> [1600087670.2898] dispatcher: (1) /etc/NetworkManager/dispatcher.d/04-iscsi succeeded
12:47:50,289 INFO NetworkManager:<debug> [1600087670.2899] dispatcher: (1) /etc/NetworkManager/dispatcher.d/11-dhclient succeeded
12:47:50,290 INFO NetworkManager:<debug> [1600087670.2903] dispatcher: (1) /etc/NetworkManager/dispatcher.d/20-chrony succeeded
12:47:50,290 INFO NetworkManager:<debug> [1600087670.2904] sleep-monitor-sd: inhibit: taking sleep inhibitor...
12:47:50,291 INFO nm-dispatcher:req:2 'connectivity-change', "/etc/NetworkManager/dispatcher.d/11-dhclient": complete
12:47:50,291 INFO nm-dispatcher:req:2 'connectivity-change', "/etc/NetworkManager/dispatcher.d/20-chrony": run script
12:47:50,293 INFO NetworkManager:<debug> [1600087670.2937] ifcfg-rh: dbus: acquired D-Bus service com.redhat.ifcfgrh1 and exported /com/redhat/ifcfgrh1 object
12:47:50,293 INFO NetworkManager:<debug> [1600087670.2938] sleep-monitor-sd: inhibit: inhibitor fd is 19
12:47:50,294 INFO NetworkManager:<debug> [1600087670.2940] device[6241728f704c3399] (lo): ip4-config: update (commit=0, new-config=0x56024a881130)
12:47:50,295 INFO nm-dispatcher:req:2 'connectivity-change', "/etc/NetworkManager/dispatcher.d/20-chrony": complete
12:47:50,295 INFO nm-dispatcher:req:2 'connectivity-change': completed (3 scripts)
12:47:50,302 INFO NetworkManager:<debug> [1600087670.3027] device[6241728f704c3399] (lo): ip4-config: set IP Config instance (/org/freedesktop/NetworkManager/IP4Config/2)
12:47:50,303 INFO NetworkManager:<debug> [1600087670.3038] dns-mgr: (device_ip_config_changed): queueing DNS updates (1)
12:47:50,304 INFO NetworkManager:<debug> [1600087670.3040] dns-mgr: (device_ip_config_changed): DNS configuration did not change
12:47:50,304 INFO NetworkManager:<debug> [1600087670.3041] dns-mgr: (device_ip_config_changed): no DNS changes to commit (0)
12:47:50,304 INFO NetworkManager:<debug> [1600087670.3042] platform-linux: sysctl: reading '/proc/sys/net/ipv6/conf/lo/disable_ipv6': '0'
12:47:50,305 INFO NetworkManager:<debug> [1600087670.3050] device[6241728f704c3399] (lo): ip6-config: update (commit=0, new-config=0x56024a866170)
12:47:50,305 INFO NetworkManager:<debug> [1600087670.3058] device[6241728f704c3399] (lo): ip6-config: set IP Config instance (/org/freedesktop/NetworkManager/IP6Config/2)
12:47:50,307 INFO NetworkManager:<debug> [1600087670.3073] dns-mgr: (device_ip_config_changed): queueing DNS updates (1)
12:47:50,307 INFO NetworkManager:<debug> [1600087670.3074] dns-mgr: (device_ip_config_changed): DNS configuration did not change
12:47:50,307 INFO NetworkManager:<debug> [1600087670.3074] dns-mgr: (device_ip_config_changed): no DNS changes to commit (0)
12:47:50,307 INFO NetworkManager:<debug> [1600087670.3075] manager: (enp0s3): assume: cannot generate connection: device has no existing configuration
12:47:50,308 INFO NetworkManager:<debug> [1600087670.3080] device[83ae43d399266700] (enp0s3): ip6-config: update (commit=0, new-config=0x56024a8666c0)
12:47:50,309 INFO NetworkManager:<debug> [1600087670.3092] device[83ae43d399266700] (enp0s3): ip6-config: set IP Config instance (/org/freedesktop/NetworkManager/IP6Config/3)
12:47:50,309 INFO NetworkManager:<debug> [1600087670.3097] dns-mgr: (device_ip_config_changed): queueing DNS updates (1)
12:47:50,309 INFO NetworkManager:<debug> [1600087670.3098] dns-mgr: (device_ip_config_changed): DNS configuration did not change
12:47:50,309 INFO NetworkManager:<debug> [1600087670.3099] dns-mgr: (device_ip_config_changed): no DNS changes to commit (0)
12:47:50,310 INFO NetworkManager:<debug> [1600087670.3099] device[83ae43d399266700] (enp0s3): add_pending_action (2): 'queued-state-change-disconnected'
12:47:50,310 INFO NetworkManager:<debug> [1600087670.3100] device[83ae43d399266700] (enp0s3): queue-state[disconnected, reason:none, id:45]: queue state change
12:47:50,310 INFO NetworkManager:<debug> [1600087670.3101] device[83ae43d399266700] (enp0s3): is available, will transition to disconnected
12:47:50,310 INFO NetworkManager:<debug> [1600087670.3102] device[83ae43d399266700] (enp0s3): remove_pending_action (1): 'recheck-available'
12:47:50,310 INFO NetworkManager:<debug> [1600087670.3103] dispatcher: (2) /etc/NetworkManager/dispatcher.d/04-iscsi succeeded
12:47:50,310 INFO NetworkManager:<debug> [1600087670.3104] dispatcher: (2) /etc/NetworkManager/dispatcher.d/11-dhclient succeeded
12:47:50,310 INFO NetworkManager:<debug> [1600087670.3105] dispatcher: (2) /etc/NetworkManager/dispatcher.d/20-chrony succeeded
12:47:50,310 INFO NetworkManager:<debug> [1600087670.3105] manager: (lo): assume: don't assume because not managed
12:47:50,310 INFO NetworkManager:<debug> [1600087670.3106] manager: (enp0s3): assume: cannot generate connection: device has no existing configuration
12:47:50,310 INFO NetworkManager:<debug> [1600087670.3107] device[83ae43d399266700] (enp0s3): queue-state[disconnected, reason:none, id:45]: change state
12:47:50,310 INFO NetworkManager:<info> [1600087670.3109] device (enp0s3): state change: unavailable -> disconnected (reason 'none', sys-iface-state: 'managed')
12:47:50,311 INFO NetworkManager:<debug> [1600087670.3110] device[83ae43d399266700] (enp0s3): add_pending_action (2): 'in-state-change'
12:47:50,311 INFO NetworkManager:<debug> [1600087670.3111] device[83ae43d399266700] (enp0s3): will enable userland IPv6LL
12:47:50,311 INFO NetworkManager:<debug> [1600087670.3112] platform-linux: link: change 2: user-ipv6ll: set IPv6 address generation mode to none
12:47:50,311 INFO NetworkManager:<debug> [1600087670.3113] platform-linux: do-request-link: 2
12:47:50,311 INFO NetworkManager:<debug> [1600087670.3114] platform-linux: do-change-link[2]: success changing link: success
12:47:50,311 INFO NetworkManager:<debug> [1600087670.3116] platform-linux: sysctl: setting '/proc/sys/net/ipv6/conf/enp0s3/disable_ipv6' to '1' (current value is '0')
12:47:50,312 INFO NetworkManager:<debug> [1600087670.3123] platform-linux: sysctl: setting '/proc/sys/net/ipv6/conf/enp0s3/disable_ipv6' to '0' (current value is '1')
12:47:50,317 INFO NetworkManager:<debug> [1600087670.3174] platform-linux: sysctl: setting '/proc/sys/net/ipv6/conf/enp0s3/accept_ra' to '0' (current value is identical)
12:47:50,318 INFO NetworkManager:<debug> [1600087670.3187] platform-linux: sysctl: setting '/proc/sys/net/ipv6/conf/enp0s3/use_tempaddr' to '0' (current value is identical)
12:47:50,320 INFO NetworkManager:<debug> [1600087670.3202] platform-linux: sysctl: setting '/proc/sys/net/ipv6/conf/enp0s3/forwarding' to '0' (current value is identical)
12:47:50,321 INFO NetworkManager:<debug> [1600087670.3218] device[83ae43d399266700] (enp0s3): add_pending_action (3): 'autoactivate'
12:47:50,322 INFO NetworkManager:<debug> [1600087670.3220] device[83ae43d399266700] (enp0s3): remove_pending_action (2): 'in-state-change'
12:47:50,322 INFO NetworkManager:<debug> [1600087670.3221] device[83ae43d399266700] (enp0s3): remove_pending_action (1): 'queued-state-change-disconnected'
12:47:50,322 INFO NetworkManager:<debug> [1600087670.3222] platform: (enp0s3) signal: route 6 added: table 255 ff00::/8 via :: dev 2 metric 256 mss 0 rt-src rt-boot
12:47:50,322 INFO NetworkManager:<debug> [1600087670.3224] device[83ae43d399266700] (enp0s3): queued IP6 config change
12:47:50,322 INFO NetworkManager:<debug> [1600087670.3224] device[83ae43d399266700] (enp0s3): remove_pending_action (0): 'autoactivate'
12:47:50,322 INFO NetworkManager:<debug> [1600087670.3226] device[83ae43d399266700] (enp0s3): ip6-config: update (commit=0, new-config=0x56024a8669f0)
12:47:50,323 INFO NetworkManager:<debug> [1600087670.3236] device[83ae43d399266700] (enp0s3): ip6-config: update IP Config instance (/org/freedesktop/NetworkManager/IP6Config/3)
12:47:50,323 INFO NetworkManager:<debug> [1600087670.3237] dns-mgr: (device_ip_config_changed): queueing DNS updates (1)
12:47:50,323 INFO NetworkManager:<debug> [1600087670.3238] dns-mgr: (device_ip_config_changed): DNS configuration did not change
12:47:50,323 INFO NetworkManager:<debug> [1600087670.3239] dns-mgr: (device_ip_config_changed): no DNS changes to commit (0)
12:47:50,324 INFO NetworkManager:<debug> [1600087670.3240] manager: (enp0s3): assume: cannot generate connection: device has no existing configuration
12:47:50,324 INFO NetworkManager:<info> [1600087670.3241] manager: startup complete
12:47:50,328 INFO systemd:Started Network Manager Wait Online.
12:47:50,328 INFO systemd:Reached target Network is Online.
12:47:50,328 INFO systemd:Starting System Logging Service...
12:47:50,389 INFO systemd:Started System Logging Service.
12:47:50,389 INFO rsyslogd:warning: ~ action is deprecated, consider using the 'stop' statement instead [v8.1911.0-3.el8 try https://www.rsyslog.com/e/2307 ]
12:47:50,390 INFO rsyslogd:imfile: no working or state file directory set, imfile will create state files in the current working directory (probably the root dir). Use global(workDirectory="/some/path") to set the working directory [v8.1911.0-3.el8 try https://www.rsyslog.com/e/2450 ]
12:47:50,391 INFO rsyslogd:imfile: on startup file '/tmp/X.log' does not exist but is configured in static file monitor - this may indicate a misconfiguration. If the file appears at a later time, it will automatically be processed. Reason: No such file or directory [v8.1911.0-3.el8]
12:47:50,391 INFO rsyslogd:imfile: on startup file '/tmp/anaconda-tb-all.log' does not exist but is configured in static file monitor - this may indicate a misconfiguration. If the file appears at a later time, it will automatically be processed. Reason: No such file or directory [v8.1911.0-3.el8]
12:47:50,391 INFO rsyslogd:[origin software="rsyslogd" swVersion="8.1911.0-3.el8" x-pid="1637" x-info="https://www.rsyslog.com"] start
12:47:50,391 INFO rsyslogd:imjournal: No statefile exists, /imjournal.state will be created (ignore if this is first run): No such file or directory [v8.1911.0-3.el8 try https://www.rsyslog.com/e/2040 ]
12:47:50,600 INFO rsyslogd:imjournal: journal files changed, reloading... [v8.1911.0-3.el8 try https://www.rsyslog.com/e/0 ]
12:47:51,075 INFO systemd:Started OpenSSH rsa Server Key Generation.
12:47:51,075 INFO systemd:Reached target sshd-keygen.target.
12:47:52,397 INFO rngd:Initializing AES buffer
12:47:52,398 INFO rngd:Enabling JITTER rng support
12:47:52,398 INFO rngd:Initializing entropy source jitter
12:47:54,023 INFO systemd:Started RHSM dbus service.
12:47:54,024 INFO systemd:Reached target Anaconda System Services.
12:47:54,024 INFO systemd:Starting Anaconda...
12:47:54,145 INFO systemd:Started Anaconda.
12:47:54,146 INFO systemd:Started Anaconda Text Console.
12:47:54,146 INFO systemd:Startup finished in 5.206s (kernel) + 6min 24.498s (initrd) + 13.141s (userspace) = 6min 42.846s.
12:47:56,892 INFO dbus-daemon:[system] Activating via systemd: service name='org.freedesktop.UDisks2' unit='udisks2.service' requested by ':1.9' (uid=0 pid=1665 comm="/usr/libexec/platform-python /sbin/anaconda " label="system_u:system_r:kernel_t:s0")
12:47:56,894 INFO systemd:Starting Disk Manager...
12:47:56,921 INFO journal:udisks daemon version 2.8.3 starting
12:47:56,936 INFO dbus-daemon:[system] Activating via systemd: service name='org.freedesktop.PolicyKit1' unit='polkit.service' requested by ':1.10' (uid=0 pid=1690 comm="/usr/libexec/udisks2/udisksd " label="system_u:system_r:kernel_t:s0")
12:47:56,938 INFO systemd:Starting Authorization Manager...
12:47:57,050 INFO polkitd:Started polkitd version 0.115
12:47:57,311 INFO dbus-daemon:[system] Successfully activated service 'org.freedesktop.PolicyKit1'
12:47:57,311 INFO systemd:Started Authorization Manager.
